Archive member included to satisfy reference by file (symbol)

app/libapp.a(main.c.obj)      (--whole-archive)
zephyr/libzephyr.a(heap.c.obj)
                              (--whole-archive)
zephyr/libzephyr.a(cbprintf_packaged.c.obj)
                              (--whole-archive)
zephyr/libzephyr.a(printk.c.obj)
                              (--whole-archive)
zephyr/libzephyr.a(sem.c.obj)
                              (--whole-archive)
zephyr/libzephyr.a(thread_entry.c.obj)
                              (--whole-archive)
zephyr/libzephyr.a(cbprintf_complete.c.obj)
                              (--whole-archive)
zephyr/libzephyr.a(assert.c.obj)
                              (--whole-archive)
zephyr/libzephyr.a(reboot.c.obj)
                              (--whole-archive)
zephyr/libzephyr.a(dec.c.obj)
                              (--whole-archive)
zephyr/libzephyr.a(hex.c.obj)
                              (--whole-archive)
zephyr/libzephyr.a(rb.c.obj)  (--whole-archive)
zephyr/libzephyr.a(timeutil.c.obj)
                              (--whole-archive)
zephyr/libzephyr.a(bitarray.c.obj)
                              (--whole-archive)
zephyr/libzephyr.a(configs.c.obj)
                              (--whole-archive)
zephyr/libzephyr.a(soc.c.obj)
                              (--whole-archive)
zephyr/libzephyr.a(stm32cube_hal.c.obj)
                              (--whole-archive)
zephyr/libzephyr.a(soc_config.c.obj)
                              (--whole-archive)
zephyr/libzephyr.a(tracing_none.c.obj)
                              (--whole-archive)
zephyr/arch/common/libarch__common.a(sw_isr_common.c.obj)
                              (--whole-archive)
zephyr/arch/arch/arm/core/libarch__arm__core.a(fatal.c.obj)
                              (--whole-archive)
zephyr/arch/arch/arm/core/libarch__arm__core.a(nmi.c.obj)
                              (--whole-archive)
zephyr/arch/arch/arm/core/libarch__arm__core.a(nmi_on_reset.S.obj)
                              (--whole-archive)
zephyr/arch/arch/arm/core/libarch__arm__core.a(tls.c.obj)
                              (--whole-archive)
zephyr/arch/arch/arm/core/cortex_m/libarch__arm__core__cortex_m.a(exc_exit.S.obj)
                              (--whole-archive)
zephyr/arch/arch/arm/core/cortex_m/libarch__arm__core__cortex_m.a(fault.c.obj)
                              (--whole-archive)
zephyr/arch/arch/arm/core/cortex_m/libarch__arm__core__cortex_m.a(fault_s.S.obj)
                              (--whole-archive)
zephyr/arch/arch/arm/core/cortex_m/libarch__arm__core__cortex_m.a(fpu.c.obj)
                              (--whole-archive)
zephyr/arch/arch/arm/core/cortex_m/libarch__arm__core__cortex_m.a(reset.S.obj)
                              (--whole-archive)
zephyr/arch/arch/arm/core/cortex_m/libarch__arm__core__cortex_m.a(scb.c.obj)
                              (--whole-archive)
zephyr/arch/arch/arm/core/cortex_m/libarch__arm__core__cortex_m.a(thread_abort.c.obj)
                              (--whole-archive)
zephyr/arch/arch/arm/core/cortex_m/libarch__arm__core__cortex_m.a(vector_table.S.obj)
                              (--whole-archive)
zephyr/arch/arch/arm/core/cortex_m/libarch__arm__core__cortex_m.a(swap.c.obj)
                              (--whole-archive)
zephyr/arch/arch/arm/core/cortex_m/libarch__arm__core__cortex_m.a(swap_helper.S.obj)
                              (--whole-archive)
zephyr/arch/arch/arm/core/cortex_m/libarch__arm__core__cortex_m.a(irq_manage.c.obj)
                              (--whole-archive)
zephyr/arch/arch/arm/core/cortex_m/libarch__arm__core__cortex_m.a(prep_c.c.obj)
                              (--whole-archive)
zephyr/arch/arch/arm/core/cortex_m/libarch__arm__core__cortex_m.a(thread.c.obj)
                              (--whole-archive)
zephyr/arch/arch/arm/core/cortex_m/libarch__arm__core__cortex_m.a(cpu_idle.S.obj)
                              (--whole-archive)
zephyr/arch/arch/arm/core/cortex_m/libarch__arm__core__cortex_m.a(irq_init.c.obj)
                              (--whole-archive)
zephyr/arch/arch/arm/core/cortex_m/libarch__arm__core__cortex_m.a(isr_wrapper.S.obj)
                              (--whole-archive)
zephyr/arch/arch/arm/core/cortex_m/libarch__arm__core__cortex_m.a(__aeabi_read_tp.S.obj)
                              (--whole-archive)
zephyr/lib/libc/picolibc/liblib__libc__picolibc.a(libc-hooks.c.obj)
                              (--whole-archive)
zephyr/lib/libc/common/liblib__libc__common.a(abort.c.obj)
                              (--whole-archive)
zephyr/lib/libc/common/liblib__libc__common.a(malloc.c.obj)
                              (--whole-archive)
zephyr/drivers/interrupt_controller/libdrivers__interrupt_controller.a(intc_exti_stm32.c.obj)
                              (--whole-archive)
zephyr/drivers/clock_control/libdrivers__clock_control.a(clock_stm32_ll_common.c.obj)
                              (--whole-archive)
[...]
Memory Configuration

Name             Origin             Length             Attributes
FLASH            0x0000000008000000 0x0000000000010000 xr
RAM              0x0000000020000000 0x0000000000005000 xw
IDT_LIST         0x00000000fffff7ff 0x0000000000000800 xw
*default*        0x0000000000000000 0xffffffffffffffff

Linker script and memory map

                0x000000000800257c                vfprintf = __l_vfprintf
                0x0000000000000000                vfscanf = __l_vfscanf
LOAD zephyr/CMakeFiles/zephyr_final.dir/misc/empty_file.c.obj
LOAD zephyr/CMakeFiles/zephyr_final.dir/isr_tables.c.obj
LOAD zephyr/CMakeFiles/offsets.dir/./arch/arm/core/offsets/offsets.c.obj
LOAD app/libapp.a
LOAD zephyr/libzephyr.a
LOAD zephyr/arch/common/libarch__common.a
LOAD zephyr/arch/arch/arm/core/libarch__arm__core.a
LOAD zephyr/arch/arch/arm/core/cortex_m/libarch__arm__core__cortex_m.a
LOAD zephyr/lib/libc/picolibc/liblib__libc__picolibc.a
LOAD zephyr/lib/libc/common/liblib__libc__common.a
LOAD zephyr/drivers/interrupt_controller/libdrivers__interrupt_controller.a
LOAD zephyr/drivers/clock_control/libdrivers__clock_control.a
LOAD zephyr/drivers/console/libdrivers__console.a
LOAD zephyr/drivers/gpio/libdrivers__gpio.a
LOAD zephyr/drivers/pinctrl/libdrivers__pinctrl.a
LOAD zephyr/drivers/pwm/libdrivers__pwm.a
LOAD zephyr/drivers/reset/libdrivers__reset.a
LOAD zephyr/drivers/serial/libdrivers__serial.a
LOAD zephyr/drivers/timer/libdrivers__timer.a
LOAD modules/stm32/stm32cube/lib..__modules__hal__stm32__stm32cube.a
LOAD zephyr/kernel/libkernel.a
LOAD /home/juan/zephyr-sdk-0.16.4/arm-zephyr-eabi/bin/../lib/gcc/arm-zephyr-eabi/12.2.0/thumb/v7-m/nofp/libgcc.a
LOAD zephyr/arch/common/libisr_tables.a
LOAD /home/juan/zephyr-sdk-0.16.4/arm-zephyr-eabi/bin/../lib/gcc/../../picolibc/arm-zephyr-eabi/lib/thumb/v7-m/nofp/libc.a
LOAD /home/juan/zephyr-sdk-0.16.4/arm-zephyr-eabi/bin/../lib/gcc/arm-zephyr-eabi/12.2.0/thumb/v7-m/nofp/libgcc.a
                0x0000000000000004                _region_min_align = 0x4

.rel.plt        0x0000000008000000        0x0
 *(SORT_BY_ALIGNMENT(.rel.plt))
                [!provide]                        PROVIDE (__rel_iplt_start = .)
 *(SORT_BY_ALIGNMENT(.rel.iplt))
 .rel.iplt      0x0000000008000000        0x0 zephyr/CMakeFiles/zephyr_final.dir/isr_tables.c.obj
                [!provide]                        PROVIDE (__rel_iplt_end = .)

.rela.plt       0x0000000000000000        0x0
 *(SORT_BY_ALIGNMENT(.rela.plt))
                [!provide]                        PROVIDE (__rela_iplt_start = .)
 *(SORT_BY_ALIGNMENT(.rela.iplt))
                [!provide]                        PROVIDE (__rela_iplt_end = .)

.rel.dyn
 *(SORT_BY_ALIGNMENT(.rel.*))

.rela.dyn
 *(SORT_BY_ALIGNMENT(.rela.*))

/DISCARD/
 *(SORT_BY_ALIGNMENT(.plt))

/DISCARD/
 *(SORT_BY_ALIGNMENT(.iplt))
                0x0000000008000000                __rom_region_start = 0x8000000

rom_start       0x0000000008000000       0xec
                0x0000000008000000                __rom_start_address = .
 FILL mask 0x00
                0x0000000008000000                . = (. + (0x0 - (. - __rom_start_address)))
                0x0000000008000000                . = ALIGN (0x4)
                0x0000000008000000                . = ALIGN (0x80)
                0x0000000008000000                . = ALIGN (0x100)
                0x0000000008000000                _vector_start = .
 *(SORT_BY_ALIGNMENT(.exc_vector_table))
 *(SORT_BY_ALIGNMENT(.exc_vector_table.*))
 .exc_vector_table._vector_table_section
                0x0000000008000000       0x40 zephyr/arch/arch/arm/core/cortex_m/libarch__arm__core__cortex_m.a(vector_table.S.obj)
                0x0000000008000000                _vector_table
 *(SORT_BY_ALIGNMENT(.vectors))
                0x00000000080000ec                _vector_end = .
                0x0000000008000040                . = ALIGN (0x4)
 *(SORT_BY_ALIGNMENT(.gnu.linkonce.irq_vector_table*))
 .gnu.linkonce.irq_vector_table
                0x0000000008000040       0xac zephyr/CMakeFiles/zephyr_final.dir/isr_tables.c.obj
                0x0000000008000040                _irq_vector_table
                0x00000000080000ec                _vector_end = .

text            0x00000000080000f0     0x3360
                0x00000000080000f0                __text_region_start = .
 *(SORT_BY_ALIGNMENT(.text))
 .text          0x00000000080000f0       0x30 /home/juan/zephyr-sdk-0.16.4/arm-zephyr-eabi/bin/../lib/gcc/arm-zephyr-eabi/12.2.0/thumb/v7-m/nofp/libgcc.a(_aeabi_uldivmod.o)
                0x00000000080000f0                __aeabi_uldivmod
 .text          0x0000000008000120        0x4 /home/juan/zephyr-sdk-0.16.4/arm-zephyr-eabi/bin/../lib/gcc/arm-zephyr-eabi/12.2.0/thumb/v7-m/nofp/libgcc.a(_dvmd_tls.o)
                0x0000000008000120                __aeabi_ldiv0
                0x0000000008000120                __aeabi_idiv0
 .text          0x0000000008000124      0x2a0 /home/juan/zephyr-sdk-0.16.4/arm-zephyr-eabi/bin/../lib/gcc/arm-zephyr-eabi/12.2.0/thumb/v7-m/nofp/libgcc.a(_udivmoddi4.o)
                0x0000000008000124                __udivmoddi4
 *(SORT_BY_ALIGNMENT(.text.*))
 *fill*         0x00000000080003c4        0x4 
 .text.pwm_set_pulse_dt.constprop.0.isra.0
                0x00000000080003c8       0xa0 app/libapp.a(main.c.obj)
 .text.led_delta_timer_handler
                0x0000000008000468       0x60 app/libapp.a(main.c.obj)
                0x0000000008000468                led_delta_timer_handler
 .text.main     0x00000000080004c8       0x44 app/libapp.a(main.c.obj)
                0x00000000080004c8                main
 .text.char_out
                0x000000000800050c        0xc zephyr/libzephyr.a(printk.c.obj)
 .text.__printk_hook_install
                0x0000000008000518        0xc zephyr/libzephyr.a(printk.c.obj)
                0x0000000008000518                __printk_hook_install
 .text.vprintk  0x0000000008000524       0x30 zephyr/libzephyr.a(printk.c.obj)
                0x0000000008000524                vprintk
 .text.z_thread_entry
                0x0000000008000554       0x34 zephyr/libzephyr.a(thread_entry.c.obj)
                0x0000000008000554                z_thread_entry
 .text.stm32f1_init
                0x0000000008000588       0x14 zephyr/libzephyr.a(soc.c.obj)
 .text.st_stm32_common_config
                0x000000000800059c       0x14 zephyr/libzephyr.a(soc_config.c.obj)
 .text.z_arm_nmi
                0x00000000080005b0       0x14 zephyr/arch/arch/arm/core/libarch__arm__core.a(nmi.c.obj)
                0x00000000080005b0                z_arm_nmi
 .text.z_SysNmiOnReset
                0x00000000080005c4        0x8 zephyr/arch/arch/arm/core/libarch__arm__core.a(nmi_on_reset.S.obj)
                0x00000000080005c4                z_SysNmiOnReset
 .text.arch_tls_stack_setup
                0x00000000080005cc       0x5c zephyr/arch/arch/arm/core/libarch__arm__core.a(tls.c.obj)
                0x00000000080005cc                arch_tls_stack_setup
 .text._HandlerModeExit
                0x0000000008000628       0x1c zephyr/arch/arch/arm/core/cortex_m/libarch__arm__core__cortex_m.a(exc_exit.S.obj)
                0x0000000008000628                z_arm_exc_exit
                0x0000000008000628                z_arm_int_exit
 .text.usage_fault.constprop.0
                0x0000000008000644       0x54 zephyr/arch/arch/arm/core/cortex_m/libarch__arm__core__cortex_m.a(fault.c.obj)
 .text.bus_fault.constprop.0
                0x0000000008000698       0x60 zephyr/arch/arch/arm/core/cortex_m/libarch__arm__core__cortex_m.a(fault.c.obj)
 .text.mem_manage_fault.constprop.0
                0x00000000080006f8       0x5c zephyr/arch/arch/arm/core/cortex_m/libarch__arm__core__cortex_m.a(fault.c.obj)
 .text.z_arm_fault
                0x0000000008000754      0x124 zephyr/arch/arch/arm/core/cortex_m/libarch__arm__core__cortex_m.a(fault.c.obj)
                0x0000000008000754                z_arm_fault
 .text.z_arm_fault_init
                0x0000000008000878       0x10 zephyr/arch/arch/arm/core/cortex_m/libarch__arm__core__cortex_m.a(fault.c.obj)
                0x0000000008000878                z_arm_fault_init
 .text.__fault  0x0000000008000888       0x14 zephyr/arch/arch/arm/core/cortex_m/libarch__arm__core__cortex_m.a(fault_s.S.obj)
                0x0000000008000888                z_arm_bus_fault
                0x0000000008000888                z_arm_usage_fault
                0x0000000008000888                z_arm_mpu_fault
                0x0000000008000888                z_arm_exc_spurious
                0x0000000008000888                z_arm_debug_monitor
                0x0000000008000888                z_arm_hard_fault
 .text._reset_section
                0x000000000800089c       0x2c zephyr/arch/arch/arm/core/cortex_m/libarch__arm__core__cortex_m.a(reset.S.obj)
                0x000000000800089c                z_arm_reset
                0x000000000800089c                __start
 .text.z_impl_k_thread_abort
                0x00000000080008c8       0x2c zephyr/arch/arch/arm/core/cortex_m/libarch__arm__core__cortex_m.a(thread_abort.c.obj)
                0x00000000080008c8                z_impl_k_thread_abort
 .text.arch_swap
                0x00000000080008f4       0x30 zephyr/arch/arch/arm/core/cortex_m/libarch__arm__core__cortex_m.a(swap.c.obj)
                0x00000000080008f4                arch_swap
 .text.z_arm_pendsv
                0x0000000008000924       0x58 zephyr/arch/arch/arm/core/cortex_m/libarch__arm__core__cortex_m.a(swap_helper.S.obj)
                0x0000000008000924                z_arm_pendsv
 .text.z_arm_svc
                0x000000000800097c       0x20 zephyr/arch/arch/arm/core/cortex_m/libarch__arm__core__cortex_m.a(swap_helper.S.obj)
                0x000000000800097c                z_arm_svc
 .text.arch_irq_enable
                0x000000000800099c       0x1c zephyr/arch/arch/arm/core/cortex_m/libarch__arm__core__cortex_m.a(irq_manage.c.obj)
                0x000000000800099c                arch_irq_enable
 .text.z_arm_irq_priority_set
                0x00000000080009b8       0x2c zephyr/arch/arch/arm/core/cortex_m/libarch__arm__core__cortex_m.a(irq_manage.c.obj)
                0x00000000080009b8                z_arm_irq_priority_set
 .text.z_prep_c
                0x00000000080009e4       0x30 zephyr/arch/arch/arm/core/cortex_m/libarch__arm__core__cortex_m.a(prep_c.c.obj)
                0x00000000080009e4                z_prep_c
 .text.arch_new_thread
                0x0000000008000a14       0x38 zephyr/arch/arch/arm/core/cortex_m/libarch__arm__core__cortex_m.a(thread.c.obj)
                0x0000000008000a14                arch_new_thread
 .text.arch_switch_to_main_thread
                0x0000000008000a4c       0x2c zephyr/arch/arch/arm/core/cortex_m/libarch__arm__core__cortex_m.a(thread.c.obj)
                0x0000000008000a4c                arch_switch_to_main_thread
 .text.z_arm_cpu_idle_init
                0x0000000008000a78        0xc zephyr/arch/arch/arm/core/cortex_m/libarch__arm__core__cortex_m.a(cpu_idle.S.obj)
                0x0000000008000a78                z_arm_cpu_idle_init
 .text.arch_cpu_idle
                0x0000000008000a84       0x1c zephyr/arch/arch/arm/core/cortex_m/libarch__arm__core__cortex_m.a(cpu_idle.S.obj)
                0x0000000008000a84                arch_cpu_idle
 .text.z_arm_interrupt_init
                0x0000000008000aa0       0x18 zephyr/arch/arch/arm/core/cortex_m/libarch__arm__core__cortex_m.a(irq_init.c.obj)
                0x0000000008000aa0                z_arm_interrupt_init
 .text._isr_wrapper
                0x0000000008000ab8       0x28 zephyr/arch/arch/arm/core/cortex_m/libarch__arm__core__cortex_m.a(isr_wrapper.S.obj)
                0x0000000008000ab8                _isr_wrapper
 .text.z_impl_zephyr_fputc
                0x0000000008000ae0       0x10 zephyr/lib/libc/picolibc/liblib__libc__picolibc.a(libc-hooks.c.obj)
                0x0000000008000ae0                z_impl_zephyr_fputc
 .text.__stdout_hook_install
                0x0000000008000af0       0x18 zephyr/lib/libc/picolibc/liblib__libc__picolibc.a(libc-hooks.c.obj)
                0x0000000008000af0                __stdout_hook_install
 .text.malloc_prepare
                0x0000000008000b08       0x24 zephyr/lib/libc/common/liblib__libc__common.a(malloc.c.obj)
 .text.stm32_exti_isr
                0x0000000008000b2c       0x4c zephyr/drivers/interrupt_controller/libdrivers__interrupt_controller.a(intc_exti_stm32.c.obj)
 .text.stm32_fill_irq_table
                0x0000000008000b78       0x18 zephyr/drivers/interrupt_controller/libdrivers__interrupt_controller.a(intc_exti_stm32.c.obj)
 .text.stm32_exti_enable
                0x0000000008000b90       0x24 zephyr/drivers/interrupt_controller/libdrivers__interrupt_controller.a(intc_exti_stm32.c.obj)
                0x0000000008000b90                stm32_exti_enable
 .text.stm32_exti_disable
                0x0000000008000bb4       0x18 zephyr/drivers/interrupt_controller/libdrivers__interrupt_controller.a(intc_exti_stm32.c.obj)
                0x0000000008000bb4                stm32_exti_disable
 .text.stm32_exti_trigger
                0x0000000008000bcc       0x60 zephyr/drivers/interrupt_controller/libdrivers__interrupt_controller.a(intc_exti_stm32.c.obj)
                0x0000000008000bcc                stm32_exti_trigger
 .text.stm32_exti_set_callback
                0x0000000008000c2c       0x30 zephyr/drivers/interrupt_controller/libdrivers__interrupt_controller.a(intc_exti_stm32.c.obj)
                0x0000000008000c2c                stm32_exti_set_callback
 .text.stm32_exti_unset_callback
                0x0000000008000c5c       0x14 zephyr/drivers/interrupt_controller/libdrivers__interrupt_controller.a(intc_exti_stm32.c.obj)
                0x0000000008000c5c                stm32_exti_unset_callback
 .text.stm32_clock_control_get_subsys_rate
                0x0000000008000c70       0x44 zephyr/drivers/clock_control/libdrivers__clock_control.a(clock_stm32_ll_common.c.obj)
 .text.stm32_clock_control_init
                0x0000000008000cb4       0xe8 zephyr/drivers/clock_control/libdrivers__clock_control.a(clock_stm32_ll_common.c.obj)
                0x0000000008000cb4                stm32_clock_control_init
 .text.config_pll_sysclock
                0x0000000008000d9c       0x1c zephyr/drivers/clock_control/libdrivers__clock_control.a(clock_stm32f1.c.obj)
                0x0000000008000d9c                config_pll_sysclock
 .text.uart_console_init
                0x0000000008000db8       0x28 zephyr/drivers/console/libdrivers__console.a(uart_console.c.obj)
 .text.console_out
                0x0000000008000de0       0x28 zephyr/drivers/console/libdrivers__console.a(uart_console.c.obj)
 .text.gpio_stm32_init
                0x0000000008000e08       0x30 zephyr/drivers/gpio/libdrivers__gpio.a(gpio_stm32.c.obj)
 .text.gpio_stm32_pin_interrupt_configure
                0x0000000008000e38       0xe0 zephyr/drivers/gpio/libdrivers__gpio.a(gpio_stm32.c.obj)
 .text.pinctrl_configure_pins
                0x0000000008000f18       0xf4 zephyr/drivers/pinctrl/libdrivers__pinctrl.a(pinctrl_stm32.c.obj)
                0x0000000008000f18                pinctrl_configure_pins
 .text.LL_TIM_OC_GetPolarity
                0x000000000800100c       0x50 zephyr/drivers/pwm/libdrivers__pwm.a(pwm_stm32.c.obj)
 .text.pwm_stm32_set_cycles
                0x000000000800105c      0x1fc zephyr/drivers/pwm/libdrivers__pwm.a(pwm_stm32.c.obj)
 .text.pwm_stm32_init
                0x0000000008001258       0xd0 zephyr/drivers/pwm/libdrivers__pwm.a(pwm_stm32.c.obj)
 .text.uart_stm32_parameters_set
                0x0000000008001328       0xf8 zephyr/drivers/serial/libdrivers__serial.a(uart_stm32.c.obj)
 .text.uart_stm32_configure
                0x0000000008001420      0x140 zephyr/drivers/serial/libdrivers__serial.a(uart_stm32.c.obj)
 .text.uart_stm32_init
                0x0000000008001560       0xb0 zephyr/drivers/serial/libdrivers__serial.a(uart_stm32.c.obj)
 .text.elapsed  0x0000000008001610       0x4c zephyr/drivers/timer/libdrivers__timer.a(cortex_m_systick.c.obj)
 .text.sys_clock_driver_init
                0x000000000800165c       0x38 zephyr/drivers/timer/libdrivers__timer.a(cortex_m_systick.c.obj)
 .text.sys_clock_isr
                0x0000000008001694       0x54 zephyr/drivers/timer/libdrivers__timer.a(cortex_m_systick.c.obj)
                0x0000000008001694                sys_clock_isr
 .text.sys_clock_set_timeout
                0x00000000080016e8       0xfc zephyr/drivers/timer/libdrivers__timer.a(cortex_m_systick.c.obj)
                0x00000000080016e8                sys_clock_set_timeout
 .text.sys_clock_elapsed
                0x00000000080017e4       0x3c zephyr/drivers/timer/libdrivers__timer.a(cortex_m_systick.c.obj)
                0x00000000080017e4                sys_clock_elapsed
 .text.HAL_RCC_GetSysClockFreq
                0x0000000008001820       0x4c modules/stm32/stm32cube/lib..__modules__hal__stm32__stm32cube.a(stm32f1xx_hal_rcc.c.obj)
                0x0000000008001820                HAL_RCC_GetSysClockFreq
 .text.LL_TIM_Init
                0x000000000800186c       0x60 modules/stm32/stm32cube/lib..__modules__hal__stm32__stm32cube.a(stm32f1xx_ll_tim.c.obj)
                0x000000000800186c                LL_TIM_Init
 .text.LL_TIM_OC_Init
                0x00000000080018cc      0x190 modules/stm32/stm32cube/lib..__modules__hal__stm32__stm32cube.a(stm32f1xx_ll_tim.c.obj)
                0x00000000080018cc                LL_TIM_OC_Init
 .text.LL_SetFlashLatency
                0x0000000008001a5c       0x4c modules/stm32/stm32cube/lib..__modules__hal__stm32__stm32cube.a(stm32f1xx_ll_utils.c.obj)
                0x0000000008001a5c                LL_SetFlashLatency
 .text.z_fatal_error
                0x0000000008001aa8       0x30 zephyr/kernel/libkernel.a(fatal.c.obj)
                0x0000000008001aa8                z_fatal_error
 .text.z_sys_init_run_level
                0x0000000008001ad8       0x48 zephyr/kernel/libkernel.a(init.c.obj)
 .text.bg_thread_main
                0x0000000008001b20       0x34 zephyr/kernel/libkernel.a(init.c.obj)
 .text.z_bss_zero
                0x0000000008001b54       0x18 zephyr/kernel/libkernel.a(init.c.obj)
                0x0000000008001b54                z_bss_zero
 .text.z_init_cpu
                0x0000000008001b6c       0x84 zephyr/kernel/libkernel.a(init.c.obj)
                0x0000000008001b6c                z_init_cpu
 .text.z_cstart
                0x0000000008001bf0       0xcc zephyr/kernel/libkernel.a(init.c.obj)
                0x0000000008001bf0                z_cstart
 .text.z_setup_new_thread
                0x0000000008001cbc       0x70 zephyr/kernel/libkernel.a(thread.c.obj)
                0x0000000008001cbc                z_setup_new_thread
 .text.z_init_static_threads
                0x0000000008001d2c       0x98 zephyr/kernel/libkernel.a(thread.c.obj)
                0x0000000008001d2c                z_init_static_threads
 .text.sliceable
                0x0000000008001dc4       0x3c zephyr/kernel/libkernel.a(sched.c.obj)
 .text.slice_timeout
                0x0000000008001e00       0x20 zephyr/kernel/libkernel.a(sched.c.obj)
 .text.z_reset_time_slice
                0x0000000008001e20       0x50 zephyr/kernel/libkernel.a(sched.c.obj)
                0x0000000008001e20                z_reset_time_slice
 .text.update_cache
                0x0000000008001e70       0x3c zephyr/kernel/libkernel.a(sched.c.obj)
 .text.move_thread_to_end_of_prio_q
                0x0000000008001eac       0x74 zephyr/kernel/libkernel.a(sched.c.obj)
 .text.ready_thread
                0x0000000008001f20       0x68 zephyr/kernel/libkernel.a(sched.c.obj)
 .text.z_thread_halt
                0x0000000008001f88       0xa0 zephyr/kernel/libkernel.a(sched.c.obj)
 .text.z_time_slice
                0x0000000008002028       0x60 zephyr/kernel/libkernel.a(sched.c.obj)
                0x0000000008002028                z_time_slice
 .text.z_reschedule
                0x0000000008002088       0x24 zephyr/kernel/libkernel.a(sched.c.obj)
                0x0000000008002088                z_reschedule
 .text.z_sched_start
                0x00000000080020ac       0x3c zephyr/kernel/libkernel.a(sched.c.obj)
                0x00000000080020ac                z_sched_start
 .text.k_sched_lock
                0x00000000080020e8       0x28 zephyr/kernel/libkernel.a(sched.c.obj)
                0x00000000080020e8                k_sched_lock
 .text.k_sched_unlock
                0x0000000008002110       0x38 zephyr/kernel/libkernel.a(sched.c.obj)
                0x0000000008002110                k_sched_unlock
 .text.z_sched_init
                0x0000000008002148       0x10 zephyr/kernel/libkernel.a(sched.c.obj)
                0x0000000008002148                z_sched_init
 .text.z_impl_k_sched_current_thread_query
                0x0000000008002158        0xc zephyr/kernel/libkernel.a(sched.c.obj)
                0x0000000008002158                z_impl_k_sched_current_thread_query
 .text.z_data_copy
                0x0000000008002164       0x34 zephyr/kernel/libkernel.a(xip.c.obj)
                0x0000000008002164                z_data_copy
 .text.elapsed  0x0000000008002198       0x14 zephyr/kernel/libkernel.a(timeout.c.obj)
 .text.next_timeout
                0x00000000080021ac       0x40 zephyr/kernel/libkernel.a(timeout.c.obj)
 .text.remove_timeout
                0x00000000080021ec       0x38 zephyr/kernel/libkernel.a(timeout.c.obj)
 .text.z_add_timeout
                0x0000000008002224       0xec zephyr/kernel/libkernel.a(timeout.c.obj)
                0x0000000008002224                z_add_timeout
 .text.sys_clock_announce
                0x0000000008002310       0xd4 zephyr/kernel/libkernel.a(timeout.c.obj)
                0x0000000008002310                sys_clock_announce
 .text.sys_clock_tick_get
                0x00000000080023e4       0x34 zephyr/kernel/libkernel.a(timeout.c.obj)
                0x00000000080023e4                sys_clock_tick_get
 .text.z_timer_expiration_handler
                0x0000000008002418       0xe4 zephyr/kernel/libkernel.a(timer.c.obj)
                0x0000000008002418                z_timer_expiration_handler
 .text.z_impl_k_timer_start
                0x00000000080024fc       0x74 zephyr/kernel/libkernel.a(timer.c.obj)
                0x00000000080024fc                z_impl_k_timer_start
 .text.boot_banner
                0x0000000008002570        0xc zephyr/kernel/libkernel.a(banner.c.obj)
                0x0000000008002570                boot_banner
 .text.__l_vfprintf
                0x000000000800257c      0x4ac /home/juan/zephyr-sdk-0.16.4/arm-zephyr-eabi/bin/../lib/gcc/../../picolibc/arm-zephyr-eabi/lib/thumb/v7-m/nofp/libc.a(libc_tinystdio_vflprintf.c.o)
                0x000000000800257c                __l_vfprintf
 .text._OffsetAbsSyms
                0x0000000008002a28        0x2 zephyr/CMakeFiles/offsets.dir/./arch/arm/core/offsets/offsets.c.obj
                0x0000000008002a28                _OffsetAbsSyms
 .text.chunk_size
                0x0000000008002a2a        0xa zephyr/libzephyr.a(heap.c.obj)
 .text.free_list_add
                0x0000000008002a34       0x4e zephyr/libzephyr.a(heap.c.obj)
 .text.sys_heap_init
                0x0000000008002a82       0x7a zephyr/libzephyr.a(heap.c.obj)
                0x0000000008002a82                sys_heap_init
 .text.arch_printk_char_out
                0x0000000008002afc        0x4 zephyr/libzephyr.a(printk.c.obj)
                0x0000000008002afc                arch_printk_char_out
 .text.printk   0x0000000008002b00       0x1a zephyr/libzephyr.a(printk.c.obj)
                0x0000000008002b00                printk
 .text._ConfigAbsSyms
                0x0000000008002b1a        0x2 zephyr/libzephyr.a(configs.c.obj)
                0x0000000008002b1a                _ConfigAbsSyms
 .text.z_arm_fatal_error
                0x0000000008002b1c        0x4 zephyr/arch/arch/arm/core/libarch__arm__core.a(fatal.c.obj)
                0x0000000008002b1c                z_arm_fatal_error
 .text.z_do_kernel_oops
                0x0000000008002b20        0x8 zephyr/arch/arch/arm/core/libarch__arm__core.a(fatal.c.obj)
                0x0000000008002b20                z_do_kernel_oops
 .text.z_irq_spurious
                0x0000000008002b28        0x8 zephyr/arch/arch/arm/core/cortex_m/libarch__arm__core__cortex_m.a(irq_manage.c.obj)
                0x0000000008002b28                z_irq_spurious
 .text.picolibc_put
                0x0000000008002b30        0xa zephyr/lib/libc/picolibc/liblib__libc__picolibc.a(libc-hooks.c.obj)
 .text.stm32_exti_init
                0x0000000008002b3a       0x92 zephyr/drivers/interrupt_controller/libdrivers__interrupt_controller.a(intc_exti_stm32.c.obj)
 .text.stm32_clock_control_on
                0x0000000008002bcc       0x24 zephyr/drivers/clock_control/libdrivers__clock_control.a(clock_stm32_ll_common.c.obj)
 .text.stm32_clock_control_off
                0x0000000008002bf0       0x24 zephyr/drivers/clock_control/libdrivers__clock_control.a(clock_stm32_ll_common.c.obj)
 .text.stm32_clock_control_get_status
                0x0000000008002c14       0x2e zephyr/drivers/clock_control/libdrivers__clock_control.a(clock_stm32_ll_common.c.obj)
 .text.stm32_clock_control_configure
                0x0000000008002c42       0x56 zephyr/drivers/clock_control/libdrivers__clock_control.a(clock_stm32_ll_common.c.obj)
 .text.config_enable_default_clocks
                0x0000000008002c98        0x2 zephyr/drivers/clock_control/libdrivers__clock_control.a(clock_stm32f1.c.obj)
                0x0000000008002c98                config_enable_default_clocks
 .text.gpio_stm32_port_get_raw
                0x0000000008002c9a        0xc zephyr/drivers/gpio/libdrivers__gpio.a(gpio_stm32.c.obj)
 .text.gpio_stm32_port_set_masked_raw
                0x0000000008002ca6       0x12 zephyr/drivers/gpio/libdrivers__gpio.a(gpio_stm32.c.obj)
 .text.gpio_stm32_port_set_bits_raw
                0x0000000008002cb8        0xa zephyr/drivers/gpio/libdrivers__gpio.a(gpio_stm32.c.obj)
 .text.gpio_stm32_port_clear_bits_raw
                0x0000000008002cc2        0xa zephyr/drivers/gpio/libdrivers__gpio.a(gpio_stm32.c.obj)
 .text.gpio_stm32_port_toggle_bits
                0x0000000008002ccc        0xe zephyr/drivers/gpio/libdrivers__gpio.a(gpio_stm32.c.obj)
 .text.gpio_stm32_manage_callback
                0x0000000008002cda       0x52 zephyr/drivers/gpio/libdrivers__gpio.a(gpio_stm32.c.obj)
 .text.LL_GPIO_SetPinMode
                0x0000000008002d2c       0x2c zephyr/drivers/gpio/libdrivers__gpio.a(gpio_stm32.c.obj)
 .text.LL_GPIO_SetPinSpeed
                0x0000000008002d58       0x2c zephyr/drivers/gpio/libdrivers__gpio.a(gpio_stm32.c.obj)
 .text.LL_GPIO_SetPinOutputType
                0x0000000008002d84       0x2c zephyr/drivers/gpio/libdrivers__gpio.a(gpio_stm32.c.obj)
 .text.gpio_stm32_isr
                0x0000000008002db0       0x2e zephyr/drivers/gpio/libdrivers__gpio.a(gpio_stm32.c.obj)
 .text.gpio_stm32_configure_raw.constprop.0.isra.0
                0x0000000008002dde       0xaa zephyr/drivers/gpio/libdrivers__gpio.a(gpio_stm32.c.obj)
 .text.gpio_stm32_config
                0x0000000008002e88       0x72 zephyr/drivers/gpio/libdrivers__gpio.a(gpio_stm32.c.obj)
 .text.gpio_stm32_configure
                0x0000000008002efa       0x2a zephyr/drivers/gpio/libdrivers__gpio.a(gpio_stm32.c.obj)
                0x0000000008002efa                gpio_stm32_configure
 .text.pinctrl_lookup_state
                0x0000000008002f24       0x26 zephyr/drivers/pinctrl/libdrivers__pinctrl.a(common.c.obj)
                0x0000000008002f24                pinctrl_lookup_state
 .text.LL_TIM_OC_SetCompareCH1
                0x0000000008002f4a        0x4 zephyr/drivers/pwm/libdrivers__pwm.a(pwm_stm32.c.obj)
 .text.LL_TIM_OC_SetCompareCH2
                0x0000000008002f4e        0x4 zephyr/drivers/pwm/libdrivers__pwm.a(pwm_stm32.c.obj)
 .text.LL_TIM_OC_SetCompareCH3
                0x0000000008002f52        0x4 zephyr/drivers/pwm/libdrivers__pwm.a(pwm_stm32.c.obj)
 .text.LL_TIM_OC_SetCompareCH4
                0x0000000008002f56        0x4 zephyr/drivers/pwm/libdrivers__pwm.a(pwm_stm32.c.obj)
 .text.pwm_stm32_get_cycles_per_sec
                0x0000000008002f5a       0x16 zephyr/drivers/pwm/libdrivers__pwm.a(pwm_stm32.c.obj)
 .text.reset_stm32_status
                0x0000000008002f70       0x20 zephyr/drivers/reset/libdrivers__reset.a(reset_stm32.c.obj)
 .text.reset_stm32_line_assert
                0x0000000008002f90       0x1c zephyr/drivers/reset/libdrivers__reset.a(reset_stm32.c.obj)
 .text.reset_stm32_line_deassert
                0x0000000008002fac       0x1e zephyr/drivers/reset/libdrivers__reset.a(reset_stm32.c.obj)
 .text.reset_stm32_line_toggle
                0x0000000008002fca       0x16 zephyr/drivers/reset/libdrivers__reset.a(reset_stm32.c.obj)
 .text.LL_USART_ClearFlag_PE
                0x0000000008002fe0       0x12 zephyr/drivers/serial/libdrivers__serial.a(uart_stm32.c.obj)
 .text.uart_stm32_set_baudrate
                0x0000000008002ff2       0x46 zephyr/drivers/serial/libdrivers__serial.a(uart_stm32.c.obj)
 .text.uart_stm32_err_check
                0x0000000008003038       0x66 zephyr/drivers/serial/libdrivers__serial.a(uart_stm32.c.obj)
 .text.uart_stm32_poll_out
                0x000000000800309e       0x3a zephyr/drivers/serial/libdrivers__serial.a(uart_stm32.c.obj)
 .text.uart_stm32_poll_in
                0x00000000080030d8       0x22 zephyr/drivers/serial/libdrivers__serial.a(uart_stm32.c.obj)
 .text.uart_stm32_config_get
                0x00000000080030fa       0x8e zephyr/drivers/serial/libdrivers__serial.a(uart_stm32.c.obj)
 .text.LL_TIM_StructInit
                0x0000000008003188       0x12 modules/stm32/stm32cube/lib..__modules__hal__stm32__stm32cube.a(stm32f1xx_ll_tim.c.obj)
                0x0000000008003188                LL_TIM_StructInit
 .text.LL_TIM_OC_StructInit
                0x000000000800319a       0x14 modules/stm32/stm32cube/lib..__modules__hal__stm32__stm32cube.a(stm32f1xx_ll_tim.c.obj)
                0x000000000800319a                LL_TIM_OC_StructInit
 .text.z_device_state_init
                0x00000000080031ae        0x2 zephyr/kernel/libkernel.a(device.c.obj)
                0x00000000080031ae                z_device_state_init
 .text.z_device_is_ready
                0x00000000080031b0       0x16 zephyr/kernel/libkernel.a(device.c.obj)
                0x00000000080031b0                z_device_is_ready
 .text.arch_system_halt
                0x00000000080031c6       0x12 zephyr/kernel/libkernel.a(fatal.c.obj)
                0x00000000080031c6                arch_system_halt
 .text.k_sys_fatal_error_handler
                0x00000000080031d8        0x6 zephyr/kernel/libkernel.a(fatal.c.obj)
                0x00000000080031d8                k_sys_fatal_error_handler
 .text.z_early_memset
                0x00000000080031de        0x4 zephyr/kernel/libkernel.a(init.c.obj)
                0x00000000080031de                z_early_memset
 .text.z_early_memcpy
                0x00000000080031e2        0x4 zephyr/kernel/libkernel.a(init.c.obj)
                0x00000000080031e2                z_early_memcpy
 .text.sys_dlist_remove
                0x00000000080031e6       0x10 zephyr/kernel/libkernel.a(sched.c.obj)
 .text.unpend_thread_no_timeout
                0x00000000080031f6       0x14 zephyr/kernel/libkernel.a(sched.c.obj)
 .text.z_ready_thread
                0x000000000800320a       0x20 zephyr/kernel/libkernel.a(sched.c.obj)
                0x000000000800320a                z_ready_thread
 .text.z_unpend_thread_no_timeout
                0x000000000800322a       0x24 zephyr/kernel/libkernel.a(sched.c.obj)
                0x000000000800322a                z_unpend_thread_no_timeout
 .text.z_sched_wake_thread
                0x000000000800324e       0x44 zephyr/kernel/libkernel.a(sched.c.obj)
                0x000000000800324e                z_sched_wake_thread
 .text.z_thread_timeout
                0x0000000008003292        0x8 zephyr/kernel/libkernel.a(sched.c.obj)
                0x0000000008003292                z_thread_timeout
 .text.z_reschedule_irqlock
                0x000000000800329a       0x18 zephyr/kernel/libkernel.a(sched.c.obj)
                0x000000000800329a                z_reschedule_irqlock
 .text.z_reschedule_unlocked
                0x00000000080032b2       0x14 zephyr/kernel/libkernel.a(sched.c.obj)
 .text.z_thread_abort
                0x00000000080032c6       0x42 zephyr/kernel/libkernel.a(sched.c.obj)
                0x00000000080032c6                z_thread_abort
 .text.idle     0x0000000008003308       0x18 zephyr/kernel/libkernel.a(idle.c.obj)
                0x0000000008003308                idle
 .text.z_abort_timeout
                0x0000000008003320       0x2c zephyr/kernel/libkernel.a(timeout.c.obj)
                0x0000000008003320                z_abort_timeout
 .text.z_impl_k_uptime_ticks
                0x000000000800334c        0x4 zephyr/kernel/libkernel.a(timeout.c.obj)
                0x000000000800334c                z_impl_k_uptime_ticks
 .text.strnlen  0x0000000008003350       0x18 /home/juan/zephyr-sdk-0.16.4/arm-zephyr-eabi/bin/../lib/gcc/../../picolibc/arm-zephyr-eabi/lib/thumb/v7-m/nofp/libc.a(libc_string_strnlen.c.o)
                0x0000000008003350                strnlen
 .text.__ultoa_invert
                0x0000000008003368       0xae /home/juan/zephyr-sdk-0.16.4/arm-zephyr-eabi/bin/../lib/gcc/../../picolibc/arm-zephyr-eabi/lib/thumb/v7-m/nofp/libc.a(libc_tinystdio_vflprintf.c.o)
 .text.memcpy   0x0000000008003416       0x1c /home/juan/zephyr-sdk-0.16.4/arm-zephyr-eabi/bin/../lib/gcc/../../picolibc/arm-zephyr-eabi/lib/thumb/v7-m/nofp/libc.a(memcpy.c.o)
                0x0000000008003416                memcpy
                0x0000000008003416                __aeabi_memcpy
                0x0000000008003416                __aeabi_memcpy4
                0x0000000008003416                __aeabi_memcpy8
 .text.memset   0x0000000008003432       0x10 /home/juan/zephyr-sdk-0.16.4/arm-zephyr-eabi/bin/../lib/gcc/../../picolibc/arm-zephyr-eabi/lib/thumb/v7-m/nofp/libc.a(memset.c.o)
                0x0000000008003432                memset
 *(SORT_BY_ALIGNMENT(.TEXT.*))
 *fill*         0x0000000008003442        0x2 
 .TEXT.__aeabi_read_tp
                0x0000000008003444        0xc zephyr/arch/arch/arm/core/cortex_m/libarch__arm__core__cortex_m.a(__aeabi_read_tp.S.obj)
                0x0000000008003444                __aeabi_read_tp
 *(SORT_BY_ALIGNMENT(.gnu.linkonce.t.*))
 *(SORT_BY_ALIGNMENT(.glue_7t))
 .glue_7t       0x0000000008003450        0x0 linker stubs
 *(SORT_BY_ALIGNMENT(.glue_7))
 .glue_7        0x0000000008003450        0x0 linker stubs
 *(SORT_BY_ALIGNMENT(.vfp11_veneer))
 .vfp11_veneer  0x0000000008003450        0x0 linker stubs
 *(SORT_BY_ALIGNMENT(.v4_bx))
 .v4_bx         0x0000000008003450        0x0 linker stubs
                0x0000000008003450                . = ALIGN (0x4)
                0x0000000008003450                __text_region_end = .

.ARM.exidx      0x0000000008003450        0x8
                0x0000000008003450                __exidx_start = .
 *(SORT_BY_ALIGNMENT(.ARM.exidx*) SORT_BY_ALIGNMENT(gnu.linkonce.armexidx.*))
 .ARM.exidx     0x0000000008003450        0x8 /home/juan/zephyr-sdk-0.16.4/arm-zephyr-eabi/bin/../lib/gcc/arm-zephyr-eabi/12.2.0/thumb/v7-m/nofp/libgcc.a(_udivmoddi4.o)
                0x0000000008003458                __exidx_end = .
                0x0000000008003458                __rodata_region_start = .

initlevel       0x0000000008003458       0x90
                0x0000000008003458                __init_start = .
                0x0000000008003458                __init_EARLY_start = .
 *(SORT_BY_NAME(SORT_BY_ALIGNMENT(.z_init_EARLY?_*)))
 *(SORT_BY_NAME(SORT_BY_ALIGNMENT(.z_init_EARLY??_*)))
                0x0000000008003458                __init_PRE_KERNEL_1_start = .
 *(SORT_BY_NAME(SORT_BY_ALIGNMENT(.z_init_PRE_KERNEL_1?_*)))
 .z_init_PRE_KERNEL_10_0_
                0x0000000008003458        0x8 zephyr/libzephyr.a(soc.c.obj)
 .z_init_PRE_KERNEL_11_00008_
                0x0000000008003460        0x8 zephyr/drivers/clock_control/libdrivers__clock_control.a(clock_stm32_ll_common.c.obj)
 .z_init_PRE_KERNEL_11_0_
                0x0000000008003468        0x8 zephyr/libzephyr.a(soc_config.c.obj)
 *(SORT_BY_NAME(SORT_BY_ALIGNMENT(.z_init_PRE_KERNEL_1??_*)))
 .z_init_PRE_KERNEL_135_00030_
                0x0000000008003470        0x8 zephyr/drivers/reset/libdrivers__reset.a(reset_stm32.c.obj)
 .z_init_PRE_KERNEL_140_00027_
                0x0000000008003478        0x8 zephyr/drivers/gpio/libdrivers__gpio.a(gpio_stm32.c.obj)
 .z_init_PRE_KERNEL_140_00038_
                0x0000000008003480        0x8 zephyr/drivers/interrupt_controller/libdrivers__interrupt_controller.a(intc_exti_stm32.c.obj)
 .z_init_PRE_KERNEL_140_00068_
                0x0000000008003488        0x8 zephyr/drivers/gpio/libdrivers__gpio.a(gpio_stm32.c.obj)
 .z_init_PRE_KERNEL_140_00069_
                0x0000000008003490        0x8 zephyr/drivers/gpio/libdrivers__gpio.a(gpio_stm32.c.obj)
 .z_init_PRE_KERNEL_140_00070_
                0x0000000008003498        0x8 zephyr/drivers/gpio/libdrivers__gpio.a(gpio_stm32.c.obj)
 .z_init_PRE_KERNEL_140_00071_
                0x00000000080034a0        0x8 zephyr/drivers/gpio/libdrivers__gpio.a(gpio_stm32.c.obj)
 .z_init_PRE_KERNEL_155_00042_
                0x00000000080034a8        0x8 zephyr/drivers/serial/libdrivers__serial.a(uart_stm32.c.obj)
 .z_init_PRE_KERNEL_155_00045_
                0x00000000080034b0        0x8 zephyr/drivers/serial/libdrivers__serial.a(uart_stm32.c.obj)
 .z_init_PRE_KERNEL_155_00048_
                0x00000000080034b8        0x8 zephyr/drivers/serial/libdrivers__serial.a(uart_stm32.c.obj)
 .z_init_PRE_KERNEL_160_0_
                0x00000000080034c0        0x8 zephyr/drivers/console/libdrivers__console.a(uart_console.c.obj)
                0x00000000080034c8                __init_PRE_KERNEL_2_start = .
 *(SORT_BY_NAME(SORT_BY_ALIGNMENT(.z_init_PRE_KERNEL_2?_*)))
 .z_init_PRE_KERNEL_20_0_
                0x00000000080034c8        0x8 zephyr/drivers/timer/libdrivers__timer.a(cortex_m_systick.c.obj)
 *(SORT_BY_NAME(SORT_BY_ALIGNMENT(.z_init_PRE_KERNEL_2??_*)))
                0x00000000080034d0                __init_POST_KERNEL_start = .
 *(SORT_BY_NAME(SORT_BY_ALIGNMENT(.z_init_POST_KERNEL?_*)))
 *(SORT_BY_NAME(SORT_BY_ALIGNMENT(.z_init_POST_KERNEL??_*)))
 .z_init_POST_KERNEL40_0_
                0x00000000080034d0        0x8 zephyr/lib/libc/common/liblib__libc__common.a(malloc.c.obj)
 .z_init_POST_KERNEL50_00033_
                0x00000000080034d8        0x8 zephyr/drivers/pwm/libdrivers__pwm.a(pwm_stm32.c.obj)
 .z_init_POST_KERNEL50_00081_
                0x00000000080034e0        0x8 zephyr/drivers/pwm/libdrivers__pwm.a(pwm_stm32.c.obj)
                0x00000000080034e8                __init_APPLICATION_start = .
 *(SORT_BY_NAME(SORT_BY_ALIGNMENT(.z_init_APPLICATION?_*)))
 *(SORT_BY_NAME(SORT_BY_ALIGNMENT(.z_init_APPLICATION??_*)))
                0x00000000080034e8                __init_SMP_start = .
 *(SORT_BY_NAME(SORT_BY_ALIGNMENT(.z_init_SMP?_*)))
 *(SORT_BY_NAME(SORT_BY_ALIGNMENT(.z_init_SMP??_*)))
                0x00000000080034e8                __init_end = .

device_area     0x00000000080034e8      0x104
                0x00000000080034e8                _device_list_start = .
 *(SORT_BY_NAME(SORT_BY_ALIGNMENT(._device.static.*_?_*)))
 ._device.static.1_1_
                0x00000000080034e8       0x14 zephyr/drivers/clock_control/libdrivers__clock_control.a(clock_stm32_ll_common.c.obj)
                0x00000000080034e8                __device_dts_ord_8
 *(SORT_BY_NAME(SORT_BY_ALIGNMENT(._device.static.*_??_*)))
 ._device.static.1_35_
                0x00000000080034fc       0x14 zephyr/drivers/reset/libdrivers__reset.a(reset_stm32.c.obj)
                0x00000000080034fc                __device_dts_ord_30
 ._device.static.1_40_
                0x0000000008003510       0x14 zephyr/drivers/interrupt_controller/libdrivers__interrupt_controller.a(intc_exti_stm32.c.obj)
                0x0000000008003510                __device_dts_ord_38
 ._device.static.1_40_
                0x0000000008003524       0x64 zephyr/drivers/gpio/libdrivers__gpio.a(gpio_stm32.c.obj)
                0x0000000008003524                __device_dts_ord_71
                0x0000000008003538                __device_dts_ord_70
                0x000000000800354c                __device_dts_ord_27
                0x0000000008003560                __device_dts_ord_69
                0x0000000008003574                __device_dts_ord_68
 ._device.static.1_55_
                0x0000000008003588       0x3c zephyr/drivers/serial/libdrivers__serial.a(uart_stm32.c.obj)
                0x0000000008003588                __device_dts_ord_45
                0x000000000800359c                __device_dts_ord_42
                0x00000000080035b0                __device_dts_ord_48
 ._device.static.3_50_
                0x00000000080035c4       0x28 zephyr/drivers/pwm/libdrivers__pwm.a(pwm_stm32.c.obj)
                0x00000000080035c4                __device_dts_ord_33
                0x00000000080035d8                __device_dts_ord_81
                0x00000000080035ec                _device_list_end = .

sw_isr_table    0x00000000080035ec      0x158
                0x00000000080035ec                . = ALIGN (0x4)
 *(SORT_BY_ALIGNMENT(.gnu.linkonce.sw_isr_table*))
 .gnu.linkonce.sw_isr_table
                0x00000000080035ec      0x158 zephyr/CMakeFiles/zephyr_final.dir/isr_tables.c.obj
                0x00000000080035ec                _sw_isr_table

initlevel_error
                0x0000000008003458        0x0
 *(SORT_BY_NAME(SORT_BY_ALIGNMENT(.z_init_[_A-Z0-9]*)))
                0x0000000000000001                ASSERT ((SIZEOF (initlevel_error) == 0x0), Undefined initialization levels used.)

app_shmem_regions
                0x0000000008003744        0x0
                0x0000000008003744                __app_shmem_regions_start = .
 *(SORT_BY_NAME(SORT_BY_ALIGNMENT(.app_regions.*)))
                0x0000000008003744                __app_shmem_regions_end = .

k_p4wq_initparam_area
                0x0000000008003744        0x0
                0x0000000008003744                _k_p4wq_initparam_list_start = .
 *(SORT_BY_NAME(SORT_BY_ALIGNMENT(._k_p4wq_initparam.static.*)))
                0x0000000008003744                _k_p4wq_initparam_list_end = .

_static_thread_data_area
                0x0000000008003744        0x0
                0x0000000008003744                __static_thread_data_list_start = .
 *(SORT_BY_NAME(SORT_BY_ALIGNMENT(.__static_thread_data.static.*)))
                0x0000000008003744                __static_thread_data_list_end = .

device_deps     0x0000000008003744        0x0
                0x0000000008003744                __device_deps_start = .
 *(SORT_BY_NAME(SORT_BY_ALIGNMENT(.__device_deps_pass2*)))
                0x0000000008003744                __device_deps_end = .

ztest           0x0000000008003744        0x0
                0x0000000008003744                _ztest_expected_result_entry_list_start = .
 *(SORT_BY_NAME(SORT_BY_ALIGNMENT(._ztest_expected_result_entry.static.*)))
                0x0000000008003744                _ztest_expected_result_entry_list_end = .
                0x0000000008003744                _ztest_suite_node_list_start = .
 *(SORT_BY_NAME(SORT_BY_ALIGNMENT(._ztest_suite_node.static.*)))
                0x0000000008003744                _ztest_suite_node_list_end = .
                0x0000000008003744                _ztest_unit_test_list_start = .
 *(SORT_BY_NAME(SORT_BY_ALIGNMENT(._ztest_unit_test.static.*)))
                0x0000000008003744                _ztest_unit_test_list_end = .
                0x0000000008003744                _ztest_test_rule_list_start = .
 *(SORT_BY_NAME(SORT_BY_ALIGNMENT(._ztest_test_rule.static.*)))
                0x0000000008003744                _ztest_test_rule_list_end = .

bt_l2cap_fixed_chan_area
                0x0000000008003744        0x0
                0x0000000008003744                _bt_l2cap_fixed_chan_list_start = .
 *(SORT_BY_NAME(SORT_BY_ALIGNMENT(._bt_l2cap_fixed_chan.static.*)))
                0x0000000008003744                _bt_l2cap_fixed_chan_list_end = .

bt_gatt_service_static_area
                0x0000000008003744        0x0
                0x0000000008003744                _bt_gatt_service_static_list_start = .
 *(SORT_BY_NAME(SORT_BY_ALIGNMENT(._bt_gatt_service_static.static.*)))
                0x0000000008003744                _bt_gatt_service_static_list_end = .

log_strings_area
                0x0000000008003744        0x0
                0x0000000008003744                _log_strings_list_start = .
 *(SORT_BY_NAME(SORT_BY_ALIGNMENT(._log_strings.static.*)))
                0x0000000008003744                _log_strings_list_end = .

log_const_area  0x0000000008003744        0x0
                0x0000000008003744                _log_const_list_start = .
 *(SORT_BY_NAME(SORT_BY_ALIGNMENT(._log_const.static.*)))
                0x0000000008003744                _log_const_list_end = .

log_backend_area
                0x0000000008003744        0x0
                0x0000000008003744                _log_backend_list_start = .
 *(SORT_BY_NAME(SORT_BY_ALIGNMENT(._log_backend.static.*)))
                0x0000000008003744                _log_backend_list_end = .

log_link_area   0x0000000008003744        0x0
                0x0000000008003744                _log_link_list_start = .
 *(SORT_BY_NAME(SORT_BY_ALIGNMENT(._log_link.static.*)))
                0x0000000008003744                _log_link_list_end = .

tracing_backend_area
                0x0000000008003744        0x0
                0x0000000008003744                _tracing_backend_list_start = .
 *(SORT_BY_NAME(SORT_BY_ALIGNMENT(._tracing_backend.static.*)))
                0x0000000008003744                _tracing_backend_list_end = .

zephyr_dbg_info
 *(SORT_BY_ALIGNMENT(.dbg_thread_info))

symbol_to_keep  0x0000000008003744        0x0
                0x0000000008003744                __symbol_to_keep_start = .
 *(SORT_BY_NAME(SORT_BY_ALIGNMENT(.symbol_to_keep*)))
                0x0000000008003744                __symbol_to_keep_end = .

shell_area      0x0000000008003744        0x0
                0x0000000008003744                _shell_list_start = .
 *(SORT_BY_NAME(SORT_BY_ALIGNMENT(._shell.static.*)))
                0x0000000008003744                _shell_list_end = .

shell_root_cmds_area
                0x0000000008003744        0x0
                0x0000000008003744                _shell_root_cmds_list_start = .
 *(SORT_BY_NAME(SORT_BY_ALIGNMENT(._shell_root_cmds.static.*)))
                0x0000000008003744                _shell_root_cmds_list_end = .

shell_subcmds_area
                0x0000000008003744        0x0
                0x0000000008003744                _shell_subcmds_list_start = .
 *(SORT_BY_NAME(SORT_BY_ALIGNMENT(._shell_subcmds.static.*)))
                0x0000000008003744                _shell_subcmds_list_end = .

shell_dynamic_subcmds_area
                0x0000000008003744        0x0
                0x0000000008003744                _shell_dynamic_subcmds_list_start = .
 *(SORT_BY_NAME(SORT_BY_ALIGNMENT(._shell_dynamic_subcmds.static.*)))
                0x0000000008003744                _shell_dynamic_subcmds_list_end = .

cfb_font_area   0x0000000008003744        0x0
                0x0000000008003744                _cfb_font_list_start = .
 *(SORT_BY_NAME(SORT_BY_ALIGNMENT(._cfb_font.static.*)))
                0x0000000008003744                _cfb_font_list_end = .

tdata           0x0000000008003744        0x0
 *(SORT_BY_ALIGNMENT(.tdata) SORT_BY_ALIGNMENT(.tdata.*) SORT_BY_ALIGNMENT(.gnu.linkonce.td.*))

tbss            0x0000000008003744        0x4
 *(SORT_BY_ALIGNMENT(.tbss) SORT_BY_ALIGNMENT(.tbss.*) SORT_BY_ALIGNMENT(.gnu.linkonce.tb.*) SORT_BY_ALIGNMENT(.tcommon))
 .tbss.z_tls_current
                0x0000000008003744        0x4 zephyr/libzephyr.a(thread_entry.c.obj)
                0x0000000008003744                z_tls_current
                0x0000000008003744                PROVIDE (__tdata_start = LOADADDR (tdata))
                0x0000000000000000                PROVIDE (__tdata_size = SIZEOF (tdata))
                [!provide]                        PROVIDE (__tdata_end = (__tdata_start + __tdata_size))
                0x0000000000000001                PROVIDE (__tdata_align = ALIGNOF (tdata))
                [!provide]                        PROVIDE (__tbss_start = ADDR (tbss))
                0x0000000000000004                PROVIDE (__tbss_size = SIZEOF (tbss))
                [!provide]                        PROVIDE (__tbss_end = (__tbss_start + __tbss_size))
                0x0000000000000004                PROVIDE (__tbss_align = ALIGNOF (tbss))
                [!provide]                        PROVIDE (__tls_start = __tdata_start)
                [!provide]                        PROVIDE (__tls_end = __tbss_end)
                [!provide]                        PROVIDE (__tls_size = (__tbss_end - __tdata_start))

rodata          0x0000000008003744      0x3e8
 *(SORT_BY_ALIGNMENT(.rodata))
 *(SORT_BY_ALIGNMENT(.rodata.*))
 .rodata.gpio_stm32_cfg_e
                0x0000000008003744       0x14 zephyr/drivers/gpio/libdrivers__gpio.a(gpio_stm32.c.obj)
 .rodata.gpio_stm32_cfg_d
                0x0000000008003758       0x14 zephyr/drivers/gpio/libdrivers__gpio.a(gpio_stm32.c.obj)
 .rodata.gpio_stm32_cfg_c
                0x000000000800376c       0x14 zephyr/drivers/gpio/libdrivers__gpio.a(gpio_stm32.c.obj)
 .rodata.gpio_stm32_cfg_b
                0x0000000008003780       0x14 zephyr/drivers/gpio/libdrivers__gpio.a(gpio_stm32.c.obj)
 .rodata.gpio_stm32_cfg_a
                0x0000000008003794       0x14 zephyr/drivers/gpio/libdrivers__gpio.a(gpio_stm32.c.obj)
 .rodata.gpio_stm32_driver
                0x00000000080037a8       0x24 zephyr/drivers/gpio/libdrivers__gpio.a(gpio_stm32.c.obj)
 .rodata.gpio_ports
                0x00000000080037cc       0x2c zephyr/drivers/pinctrl/libdrivers__pinctrl.a(pinctrl_stm32.c.obj)
 .rodata.pwm_stm32_config_1
                0x00000000080037f8       0x18 zephyr/drivers/pwm/libdrivers__pwm.a(pwm_stm32.c.obj)
 .rodata.__pinctrl_dev_config__device_dts_ord_33
                0x0000000008003810        0x8 zephyr/drivers/pwm/libdrivers__pwm.a(pwm_stm32.c.obj)
 .rodata.__pinctrl_states__device_dts_ord_33
                0x0000000008003818        0x8 zephyr/drivers/pwm/libdrivers__pwm.a(pwm_stm32.c.obj)
 .rodata.__pinctrl_state_pins_0__device_dts_ord_33
                0x0000000008003820        0x8 zephyr/drivers/pwm/libdrivers__pwm.a(pwm_stm32.c.obj)
 .rodata.pwm_stm32_config_0
                0x0000000008003828       0x18 zephyr/drivers/pwm/libdrivers__pwm.a(pwm_stm32.c.obj)
 .rodata.__pinctrl_dev_config__device_dts_ord_81
                0x0000000008003840        0x8 zephyr/drivers/pwm/libdrivers__pwm.a(pwm_stm32.c.obj)
 .rodata.__pinctrl_states__device_dts_ord_81
                0x0000000008003848        0x8 zephyr/drivers/pwm/libdrivers__pwm.a(pwm_stm32.c.obj)
 .rodata.__pinctrl_state_pins_0__device_dts_ord_81
                0x0000000008003850        0x8 zephyr/drivers/pwm/libdrivers__pwm.a(pwm_stm32.c.obj)
 .rodata.pwm_stm32_driver_api
                0x0000000008003858        0x8 zephyr/drivers/pwm/libdrivers__pwm.a(pwm_stm32.c.obj)
 .rodata.set_timer_compare
                0x0000000008003860       0x10 zephyr/drivers/pwm/libdrivers__pwm.a(pwm_stm32.c.obj)
 .rodata.ch2ll_n
                0x0000000008003870        0xc zephyr/drivers/pwm/libdrivers__pwm.a(pwm_stm32.c.obj)
 .rodata.ch2ll  0x000000000800387c       0x10 zephyr/drivers/pwm/libdrivers__pwm.a(pwm_stm32.c.obj)
 .rodata.reset_stm32_config
                0x000000000800388c        0x4 zephyr/drivers/reset/libdrivers__reset.a(reset_stm32.c.obj)
 .rodata.reset_stm32_driver_api
                0x0000000008003890       0x10 zephyr/drivers/reset/libdrivers__reset.a(reset_stm32.c.obj)
 .rodata.uart_stm32_cfg_2
                0x00000000080038a0       0x24 zephyr/drivers/serial/libdrivers__serial.a(uart_stm32.c.obj)
 .rodata.pclken_2
                0x00000000080038c4        0x8 zephyr/drivers/serial/libdrivers__serial.a(uart_stm32.c.obj)
 .rodata.__pinctrl_dev_config__device_dts_ord_45
                0x00000000080038cc        0x8 zephyr/drivers/serial/libdrivers__serial.a(uart_stm32.c.obj)
 .rodata.__pinctrl_states__device_dts_ord_45
                0x00000000080038d4        0x8 zephyr/drivers/serial/libdrivers__serial.a(uart_stm32.c.obj)
 .rodata.__pinctrl_state_pins_0__device_dts_ord_45
                0x00000000080038dc       0x10 zephyr/drivers/serial/libdrivers__serial.a(uart_stm32.c.obj)
 .rodata.uart_stm32_cfg_1
                0x00000000080038ec       0x24 zephyr/drivers/serial/libdrivers__serial.a(uart_stm32.c.obj)
 .rodata.pclken_1
                0x0000000008003910        0x8 zephyr/drivers/serial/libdrivers__serial.a(uart_stm32.c.obj)
 .rodata.__pinctrl_dev_config__device_dts_ord_42
                0x0000000008003918        0x8 zephyr/drivers/serial/libdrivers__serial.a(uart_stm32.c.obj)
 .rodata.__pinctrl_states__device_dts_ord_42
                0x0000000008003920        0x8 zephyr/drivers/serial/libdrivers__serial.a(uart_stm32.c.obj)
 .rodata.__pinctrl_state_pins_0__device_dts_ord_42
                0x0000000008003928       0x10 zephyr/drivers/serial/libdrivers__serial.a(uart_stm32.c.obj)
 .rodata.uart_stm32_cfg_0
                0x0000000008003938       0x24 zephyr/drivers/serial/libdrivers__serial.a(uart_stm32.c.obj)
 .rodata.pclken_0
                0x000000000800395c        0x8 zephyr/drivers/serial/libdrivers__serial.a(uart_stm32.c.obj)
 .rodata.__pinctrl_dev_config__device_dts_ord_48
                0x0000000008003964        0x8 zephyr/drivers/serial/libdrivers__serial.a(uart_stm32.c.obj)
 .rodata.__pinctrl_states__device_dts_ord_48
                0x000000000800396c        0x8 zephyr/drivers/serial/libdrivers__serial.a(uart_stm32.c.obj)
 .rodata.__pinctrl_state_pins_0__device_dts_ord_48
                0x0000000008003974       0x10 zephyr/drivers/serial/libdrivers__serial.a(uart_stm32.c.obj)
 .rodata.uart_stm32_driver_api
                0x0000000008003984       0x14 zephyr/drivers/serial/libdrivers__serial.a(uart_stm32.c.obj)
 .rodata.levels.0
                0x0000000008003998       0x18 zephyr/kernel/libkernel.a(init.c.obj)
 .rodata.CSWTCH.599
                0x00000000080039b0        0x6 zephyr/drivers/serial/libdrivers__serial.a(uart_stm32.c.obj)
 .rodata.main.str1.1
                0x00000000080039b6       0x23 app/libapp.a(main.c.obj)
 .rodata.line_range_6.0
                0x00000000080039d9        0x2 zephyr/drivers/interrupt_controller/libdrivers__interrupt_controller.a(intc_exti_stm32.c.obj)
 .rodata.line_range_5.1
                0x00000000080039db        0x2 zephyr/drivers/interrupt_controller/libdrivers__interrupt_controller.a(intc_exti_stm32.c.obj)
 .rodata.line_range_4.2
                0x00000000080039dd        0x2 zephyr/drivers/interrupt_controller/libdrivers__interrupt_controller.a(intc_exti_stm32.c.obj)
 .rodata.line_range_3.3
                0x00000000080039df        0x2 zephyr/drivers/interrupt_controller/libdrivers__interrupt_controller.a(intc_exti_stm32.c.obj)
 .rodata.line_range_2.4
                0x00000000080039e1        0x2 zephyr/drivers/interrupt_controller/libdrivers__interrupt_controller.a(intc_exti_stm32.c.obj)
 .rodata.line_range_1.5
                0x00000000080039e3        0x2 zephyr/drivers/interrupt_controller/libdrivers__interrupt_controller.a(intc_exti_stm32.c.obj)
 .rodata.line_range_0.6
                0x00000000080039e5        0x2 zephyr/drivers/interrupt_controller/libdrivers__interrupt_controller.a(intc_exti_stm32.c.obj)
 .rodata.str1.1
                0x00000000080039e7       0x1e zephyr/drivers/interrupt_controller/libdrivers__interrupt_controller.a(intc_exti_stm32.c.obj)
 .rodata.str1.1
                0x0000000008003a05        0xd zephyr/drivers/clock_control/libdrivers__clock_control.a(clock_stm32_ll_common.c.obj)
 .rodata.str1.1
                0x0000000008003a12       0x46 zephyr/drivers/gpio/libdrivers__gpio.a(gpio_stm32.c.obj)
 .rodata.str1.1
                0x0000000008003a58        0x4 zephyr/drivers/pwm/libdrivers__pwm.a(pwm_stm32.c.obj)
 .rodata.SHIFT_TAB_CCxP
                0x0000000008003a5c        0x7 zephyr/drivers/pwm/libdrivers__pwm.a(pwm_stm32.c.obj)
 .rodata.SHIFT_TAB_OCxx
                0x0000000008003a63        0x7 zephyr/drivers/pwm/libdrivers__pwm.a(pwm_stm32.c.obj)
 .rodata.OFFSET_TAB_CCMRx
                0x0000000008003a6a        0x7 zephyr/drivers/pwm/libdrivers__pwm.a(pwm_stm32.c.obj)
 .rodata.str1.1
                0x0000000008003a71       0x11 zephyr/drivers/reset/libdrivers__reset.a(reset_stm32.c.obj)
 .rodata.str1.1
                0x0000000008003a82       0x30 zephyr/drivers/serial/libdrivers__serial.a(uart_stm32.c.obj)
 .rodata.AHBPrescTable
                0x0000000008003ab2       0x10 modules/stm32/stm32cube/lib..__modules__hal__stm32__stm32cube.a(system_stm32f1xx.c.obj)
                0x0000000008003ab2                AHBPrescTable
 .rodata.aPredivFactorTable.0
                0x0000000008003ac2        0x2 modules/stm32/stm32cube/lib..__modules__hal__stm32__stm32cube.a(stm32f1xx_hal_rcc.c.obj)
 .rodata.aPLLMULFactorTable.1
                0x0000000008003ac4       0x10 modules/stm32/stm32cube/lib..__modules__hal__stm32__stm32cube.a(stm32f1xx_hal_rcc.c.obj)
 .rodata.z_cstart.str1.1
                0x0000000008003ad4        0x5 zephyr/kernel/libkernel.a(init.c.obj)
 .rodata.boot_banner.str1.1
                0x0000000008003ad9       0x42 zephyr/kernel/libkernel.a(banner.c.obj)
 .rodata.__l_vfprintf.str1.1
                0x0000000008003b1b        0xf /home/juan/zephyr-sdk-0.16.4/arm-zephyr-eabi/bin/../lib/gcc/../../picolibc/arm-zephyr-eabi/lib/thumb/v7-m/nofp/libc.a(libc_tinystdio_vflprintf.c.o)
 *(SORT_BY_ALIGNMENT(.gnu.linkonce.r.*))
                0x0000000008003b2c                . = ALIGN (0x4)
 *fill*         0x0000000008003b2a        0x2 
                0x0000000008003b2c                __rodata_region_end = .
                0x0000000008003b2c                . = ALIGN (_region_min_align)
                0x0000000008003b2c                __rom_region_end = ((__rom_region_start + .) - ADDR (rom_start))

/DISCARD/
 *(SORT_BY_ALIGNMENT(.got.plt))
 *(SORT_BY_ALIGNMENT(.igot.plt))
 *(SORT_BY_ALIGNMENT(.got))
 *(SORT_BY_ALIGNMENT(.igot))
                0x0000000020000000                . = 0x20000000
                0x0000000020000000                . = ALIGN (_region_min_align)
                0x0000000020000000                _image_ram_start = .

.ramfunc        0x0000000020000000        0x0 load address 0x0000000008003b2c
                0x0000000020000000                . = ALIGN (_region_min_align)
                0x0000000020000000                __ramfunc_start = .
 *(SORT_BY_ALIGNMENT(.ramfunc))
 *(SORT_BY_ALIGNMENT(.ramfunc.*))
                0x0000000020000000                . = ALIGN (_region_min_align)
                0x0000000020000000                __ramfunc_end = .
                0x0000000000000000                __ramfunc_size = (__ramfunc_end - __ramfunc_start)
                0x0000000008003b2c                __ramfunc_load_start = LOADADDR (.ramfunc)

datas           0x0000000020000000       0x99 load address 0x0000000008003b2c
                0x0000000020000000                __data_region_start = .
                0x0000000020000000                __data_start = .
 *(SORT_BY_ALIGNMENT(.data))
 *(SORT_BY_ALIGNMENT(.data.*))
 .data._char_out
                0x0000000020000000        0x4 zephyr/libzephyr.a(printk.c.obj)
                0x0000000020000000                _char_out
 .data.handler  0x0000000020000004        0x4 zephyr/arch/arch/arm/core/libarch__arm__core.a(nmi.c.obj)
 .data.__stdout
                0x0000000020000008       0x10 zephyr/lib/libc/picolibc/liblib__libc__picolibc.a(libc-hooks.c.obj)
 .data.stm32_clock_control_api
                0x0000000020000018       0x1c zephyr/drivers/clock_control/libdrivers__clock_control.a(clock_stm32_ll_common.c.obj)
 .data.pwm_stm32_data_1
                0x0000000020000034        0xc zephyr/drivers/pwm/libdrivers__pwm.a(pwm_stm32.c.obj)
 .data.pwm_stm32_data_0
                0x0000000020000040        0xc zephyr/drivers/pwm/libdrivers__pwm.a(pwm_stm32.c.obj)
 .data.uart_stm32_data_2
                0x000000002000004c        0x8 zephyr/drivers/serial/libdrivers__serial.a(uart_stm32.c.obj)
 .data.uart_cfg_2
                0x0000000020000054        0x8 zephyr/drivers/serial/libdrivers__serial.a(uart_stm32.c.obj)
 .data.uart_stm32_data_1
                0x000000002000005c        0x8 zephyr/drivers/serial/libdrivers__serial.a(uart_stm32.c.obj)
 .data.uart_cfg_1
                0x0000000020000064        0x8 zephyr/drivers/serial/libdrivers__serial.a(uart_stm32.c.obj)
 .data.uart_stm32_data_0
                0x000000002000006c        0x8 zephyr/drivers/serial/libdrivers__serial.a(uart_stm32.c.obj)
 .data.uart_cfg_0
                0x0000000020000074        0x8 zephyr/drivers/serial/libdrivers__serial.a(uart_stm32.c.obj)
 .data.SystemCoreClock
                0x000000002000007c        0x4 modules/stm32/stm32cube/lib..__modules__hal__stm32__stm32cube.a(system_stm32f1xx.c.obj)
                0x000000002000007c                SystemCoreClock
 .data.timeout_list
                0x0000000020000080        0x8 zephyr/kernel/libkernel.a(timeout.c.obj)
 .data.increasing_intensity
                0x0000000020000088        0x1 app/libapp.a(main.c.obj)
 .data.exti_irq_table
                0x0000000020000089       0x10 zephyr/drivers/interrupt_controller/libdrivers__interrupt_controller.a(intc_exti_stm32.c.obj)
 *(SORT_BY_ALIGNMENT(.kernel.*))
                0x0000000020000099                __data_end = .
                0x0000000000000099                __data_size = (__data_end - __data_start)
                0x0000000008003b2c                __data_load_start = LOADADDR (datas)
                0x0000000008003b2c                __data_region_load_start = LOADADDR (datas)

device_states   0x0000000020000099       0x1a load address 0x0000000008003bc5
                0x0000000020000099                __device_states_start = .
 *(SORT_BY_ALIGNMENT(.z_devstate))
 .z_devstate    0x0000000020000099        0x2 zephyr/drivers/interrupt_controller/libdrivers__interrupt_controller.a(intc_exti_stm32.c.obj)
 .z_devstate    0x000000002000009b        0x2 zephyr/drivers/clock_control/libdrivers__clock_control.a(clock_stm32_ll_common.c.obj)
 .z_devstate    0x000000002000009d        0xa zephyr/drivers/gpio/libdrivers__gpio.a(gpio_stm32.c.obj)
 .z_devstate    0x00000000200000a7        0x4 zephyr/drivers/pwm/libdrivers__pwm.a(pwm_stm32.c.obj)
 .z_devstate    0x00000000200000ab        0x2 zephyr/drivers/reset/libdrivers__reset.a(reset_stm32.c.obj)
 .z_devstate    0x00000000200000ad        0x6 zephyr/drivers/serial/libdrivers__serial.a(uart_stm32.c.obj)
 *(SORT_BY_ALIGNMENT(.z_devstate.*))
                0x00000000200000b3                __device_states_end = .

log_mpsc_pbuf_area
                0x00000000200000b3        0x0 load address 0x0000000008003bdf
                0x00000000200000b3                _log_mpsc_pbuf_list_start = .
 *(SORT_BY_NAME(SORT_BY_ALIGNMENT(._log_mpsc_pbuf.static.*)))
                0x00000000200000b3                _log_mpsc_pbuf_list_end = .

log_msg_ptr_area
                0x00000000200000b3        0x0 load address 0x0000000008003bdf
                0x00000000200000b3                _log_msg_ptr_list_start = .
 *(SORT_BY_NAME(SORT_BY_ALIGNMENT(._log_msg_ptr.static.*)))
                0x00000000200000b3                _log_msg_ptr_list_end = .

log_dynamic_area
                0x00000000200000b3        0x0 load address 0x0000000008003bdf
                0x00000000200000b3                _log_dynamic_list_start = .
 *(SORT_BY_NAME(SORT_BY_ALIGNMENT(._log_dynamic.static.*)))
                0x00000000200000b3                _log_dynamic_list_end = .

k_timer_area    0x00000000200000b8       0x38 load address 0x0000000008003be4
                0x00000000200000b8                _k_timer_list_start = .
 *(SORT_BY_NAME(SORT_BY_ALIGNMENT(._k_timer.static.*)))
 ._k_timer.static.led_delta_timer_
                0x00000000200000b8       0x38 app/libapp.a(main.c.obj)
                0x00000000200000b8                led_delta_timer
                0x00000000200000f0                _k_timer_list_end = .

k_mem_slab_area
                0x00000000200000f0        0x0 load address 0x0000000008003c1c
                0x00000000200000f0                _k_mem_slab_list_start = .
 *(SORT_BY_NAME(SORT_BY_ALIGNMENT(._k_mem_slab.static.*)))
                0x00000000200000f0                _k_mem_slab_list_end = .

k_heap_area     0x00000000200000f0        0x0 load address 0x0000000008003c1c
                0x00000000200000f0                _k_heap_list_start = .
 *(SORT_BY_NAME(SORT_BY_ALIGNMENT(._k_heap.static.*)))
                0x00000000200000f0                _k_heap_list_end = .

k_mutex_area    0x00000000200000f0        0x0 load address 0x0000000008003c1c
                0x00000000200000f0                _k_mutex_list_start = .
 *(SORT_BY_NAME(SORT_BY_ALIGNMENT(._k_mutex.static.*)))
                0x00000000200000f0                _k_mutex_list_end = .

k_stack_area    0x00000000200000f0        0x0 load address 0x0000000008003c1c
                0x00000000200000f0                _k_stack_list_start = .
 *(SORT_BY_NAME(SORT_BY_ALIGNMENT(._k_stack.static.*)))
                0x00000000200000f0                _k_stack_list_end = .

k_msgq_area     0x00000000200000f0        0x0 load address 0x0000000008003c1c
                0x00000000200000f0                _k_msgq_list_start = .
 *(SORT_BY_NAME(SORT_BY_ALIGNMENT(._k_msgq.static.*)))
                0x00000000200000f0                _k_msgq_list_end = .

k_mbox_area     0x00000000200000f0        0x0 load address 0x0000000008003c1c
                0x00000000200000f0                _k_mbox_list_start = .
 *(SORT_BY_NAME(SORT_BY_ALIGNMENT(._k_mbox.static.*)))
                0x00000000200000f0                _k_mbox_list_end = .

k_pipe_area     0x00000000200000f0        0x0 load address 0x0000000008003c1c
                0x00000000200000f0                _k_pipe_list_start = .
 *(SORT_BY_NAME(SORT_BY_ALIGNMENT(._k_pipe.static.*)))
                0x00000000200000f0                _k_pipe_list_end = .

k_sem_area      0x00000000200000f0        0x0 load address 0x0000000008003c1c
                0x00000000200000f0                _k_sem_list_start = .
 *(SORT_BY_NAME(SORT_BY_ALIGNMENT(._k_sem.static.*)))
                0x00000000200000f0                _k_sem_list_end = .

k_event_area    0x00000000200000f0        0x0 load address 0x0000000008003c1c
                0x00000000200000f0                _k_event_list_start = .
 *(SORT_BY_NAME(SORT_BY_ALIGNMENT(._k_event.static.*)))
                0x00000000200000f0                _k_event_list_end = .

k_queue_area    0x00000000200000f0        0x0 load address 0x0000000008003c1c
                0x00000000200000f0                _k_queue_list_start = .
 *(SORT_BY_NAME(SORT_BY_ALIGNMENT(._k_queue.static.*)))
                0x00000000200000f0                _k_queue_list_end = .

k_fifo_area     0x00000000200000f0        0x0 load address 0x0000000008003c1c
                0x00000000200000f0                _k_fifo_list_start = .
 *(SORT_BY_NAME(SORT_BY_ALIGNMENT(._k_fifo.static.*)))
                0x00000000200000f0                _k_fifo_list_end = .

k_lifo_area     0x00000000200000f0        0x0 load address 0x0000000008003c1c
                0x00000000200000f0                _k_lifo_list_start = .
 *(SORT_BY_NAME(SORT_BY_ALIGNMENT(._k_lifo.static.*)))
                0x00000000200000f0                _k_lifo_list_end = .

k_condvar_area  0x00000000200000f0        0x0 load address 0x0000000008003c1c
                0x00000000200000f0                _k_condvar_list_start = .
 *(SORT_BY_NAME(SORT_BY_ALIGNMENT(._k_condvar.static.*)))
                0x00000000200000f0                _k_condvar_list_end = .

sys_mem_blocks_ptr_area
                0x00000000200000f0        0x0 load address 0x0000000008003c1c
                0x00000000200000f0                _sys_mem_blocks_ptr_list_start = .
 *(SORT_BY_NAME(SORT_BY_ALIGNMENT(._sys_mem_blocks_ptr.static.*)))
                0x00000000200000f0                _sys_mem_blocks_ptr_list_end = .

net_buf_pool_area
                0x00000000200000f0        0x0 load address 0x0000000008003c1c
                0x00000000200000f0                _net_buf_pool_list_start = .
 *(SORT_BY_NAME(SORT_BY_ALIGNMENT(._net_buf_pool.static.*)))
                0x00000000200000f0                _net_buf_pool_list_end = .
                0x00000000200000f0                __data_region_end = .

bss             0x00000000200000f0      0x23e
                0x00000000200000f0                . = ALIGN (0x4)
                0x00000000200000f0                __bss_start = .
                0x00000000200000f0                __kernel_ram_start = .
 *(SORT_BY_ALIGNMENT(.bss))
 *(SORT_BY_ALIGNMENT(.bss.*))
 .bss.announced_cycles
                0x00000000200000f0        0x8 zephyr/drivers/timer/libdrivers__timer.a(cortex_m_systick.c.obj)
 .bss.cycle_count
                0x00000000200000f8        0x8 zephyr/drivers/timer/libdrivers__timer.a(cortex_m_systick.c.obj)
 .bss.z_idle_threads
                0x0000000020000100       0x70 zephyr/kernel/libkernel.a(init.c.obj)
                0x0000000020000100                z_idle_threads
 .bss.z_main_thread
                0x0000000020000170       0x70 zephyr/kernel/libkernel.a(init.c.obj)
                0x0000000020000170                z_main_thread
 .bss.slice_timeouts
                0x00000000200001e0       0x18 zephyr/kernel/libkernel.a(sched.c.obj)
 .bss.curr_tick
                0x00000000200001f8        0x8 zephyr/kernel/libkernel.a(timeout.c.obj)
 .bss.steps_taken
                0x0000000020000200        0x4 app/libapp.a(main.c.obj)
 .bss.pulse_width_delta_nsec
                0x0000000020000204        0x4 app/libapp.a(main.c.obj)
 .bss.pulse_width_nsec
                0x0000000020000208        0x4 app/libapp.a(main.c.obj)
 .bss.z_arm_tls_ptr
                0x000000002000020c        0x4 zephyr/arch/arch/arm/core/libarch__arm__core.a(tls.c.obj)
                0x000000002000020c                z_arm_tls_ptr
 .bss._stdout_hook
                0x0000000020000210        0x4 zephyr/lib/libc/picolibc/liblib__libc__picolibc.a(libc-hooks.c.obj)
 .bss.z_malloc_heap
                0x0000000020000214        0xc zephyr/lib/libc/common/liblib__libc__common.a(malloc.c.obj)
 .bss.exti_data
                0x0000000020000220       0x80 zephyr/drivers/interrupt_controller/libdrivers__interrupt_controller.a(intc_exti_stm32.c.obj)
 .bss.gpio_stm32_data_e
                0x00000000200002a0       0x10 zephyr/drivers/gpio/libdrivers__gpio.a(gpio_stm32.c.obj)
 .bss.gpio_stm32_data_d
                0x00000000200002b0       0x10 zephyr/drivers/gpio/libdrivers__gpio.a(gpio_stm32.c.obj)
 .bss.gpio_stm32_data_c
                0x00000000200002c0       0x10 zephyr/drivers/gpio/libdrivers__gpio.a(gpio_stm32.c.obj)
 .bss.gpio_stm32_data_b
                0x00000000200002d0       0x10 zephyr/drivers/gpio/libdrivers__gpio.a(gpio_stm32.c.obj)
 .bss.gpio_stm32_data_a
                0x00000000200002e0       0x10 zephyr/drivers/gpio/libdrivers__gpio.a(gpio_stm32.c.obj)
 .bss.overflow_cyc
                0x00000000200002f0        0x4 zephyr/drivers/timer/libdrivers__timer.a(cortex_m_systick.c.obj)
 .bss.last_load
                0x00000000200002f4        0x4 zephyr/drivers/timer/libdrivers__timer.a(cortex_m_systick.c.obj)
 .bss._cpus_active
                0x00000000200002f8        0x4 zephyr/kernel/libkernel.a(init.c.obj)
                0x00000000200002f8                _cpus_active
 .bss._kernel   0x00000000200002fc       0x20 zephyr/kernel/libkernel.a(init.c.obj)
                0x00000000200002fc                _kernel
 .bss.pending_current
                0x000000002000031c        0x4 zephyr/kernel/libkernel.a(sched.c.obj)
 .bss.slice_max_prio
                0x0000000020000320        0x4 zephyr/kernel/libkernel.a(sched.c.obj)
 .bss.slice_ticks
                0x0000000020000324        0x4 zephyr/kernel/libkernel.a(sched.c.obj)
 .bss.announce_remaining
                0x0000000020000328        0x4 zephyr/kernel/libkernel.a(timeout.c.obj)
 .bss.z_sys_post_kernel
                0x000000002000032c        0x1 zephyr/kernel/libkernel.a(init.c.obj)
                0x000000002000032c                z_sys_post_kernel
 .bss.slice_expired
                0x000000002000032d        0x1 zephyr/kernel/libkernel.a(sched.c.obj)
 .bss.sched_spinlock
                0x000000002000032e        0x0 zephyr/kernel/libkernel.a(sched.c.obj)
                0x000000002000032e                sched_spinlock
 *(SORT_BY_ALIGNMENT(COMMON))
 *(SORT_BY_ALIGNMENT(.kernel_bss.*))
                0x0000000020000330                __bss_end = ALIGN (0x4)

noinit          0x0000000020000330      0xd00
 *(SORT_BY_ALIGNMENT(.noinit))
 *(SORT_BY_ALIGNMENT(.noinit.*))
 .noinit."WEST_TOPDIR/zephyr/kernel/init.c".2
                0x0000000020000330      0x800 zephyr/kernel/libkernel.a(init.c.obj)
                0x0000000020000330                z_interrupt_stacks
 .noinit."WEST_TOPDIR/zephyr/kernel/init.c".1
                0x0000000020000b30      0x100 zephyr/kernel/libkernel.a(init.c.obj)
 .noinit."WEST_TOPDIR/zephyr/kernel/init.c".0
                0x0000000020000c30      0x400 zephyr/kernel/libkernel.a(init.c.obj)
                0x0000000020000c30                z_main_stack
 *(SORT_BY_ALIGNMENT(.kernel_noinit.*))
                0x0000000020005000                __kernel_ram_end = 0x20005000
                0x0000000000004f10                __kernel_ram_size = (__kernel_ram_end - __kernel_ram_start)

/DISCARD/
 *(SORT_BY_ALIGNMENT(.irq_info*))
 *(SORT_BY_ALIGNMENT(.intList*))

.last_ram_section
                0x0000000020001030        0x0
                0x0000000020001030                _image_ram_end = .
                0x0000000000001030                _image_ram_size = (_image_ram_end - _image_ram_start)
                0x0000000020001030                _end = .
                0x0000000020001030                z_mapped_end = .

.stab
 *(SORT_BY_ALIGNMENT(.stab))

.stabstr
 *(SORT_BY_ALIGNMENT(.stabstr))

.stab.excl
 *(SORT_BY_ALIGNMENT(.stab.excl))

.stab.exclstr
 *(SORT_BY_ALIGNMENT(.stab.exclstr))

.stab.index
 *(SORT_BY_ALIGNMENT(.stab.index))

.stab.indexstr
 *(SORT_BY_ALIGNMENT(.stab.indexstr))

.gnu.build.attributes
 *(SORT_BY_ALIGNMENT(.gnu.build.attributes) SORT_BY_ALIGNMENT(.gnu.build.attributes.*))

.comment        0x0000000000000000       0x20
 *(SORT_BY_ALIGNMENT(.comment))
 .comment       0x0000000000000000       0x20 zephyr/CMakeFiles/zephyr_final.dir/isr_tables.c.obj
                                         0x21 (size before relaxing)
 .comment       0x0000000000000020       0x21 zephyr/CMakeFiles/offsets.dir/./arch/arm/core/offsets/offsets.c.obj
 .comment       0x0000000000000020       0x21 app/libapp.a(main.c.obj)
 .comment       0x0000000000000020       0x21 zephyr/libzephyr.a(heap.c.obj)
 .comment       0x0000000000000020       0x21 zephyr/libzephyr.a(printk.c.obj)
 .comment       0x0000000000000020       0x21 zephyr/libzephyr.a(thread_entry.c.obj)
 .comment       0x0000000000000020       0x21 zephyr/libzephyr.a(configs.c.obj)
 .comment       0x0000000000000020       0x21 zephyr/libzephyr.a(soc.c.obj)
 .comment       0x0000000000000020       0x21 zephyr/libzephyr.a(soc_config.c.obj)
 .comment       0x0000000000000020       0x21 zephyr/arch/arch/arm/core/libarch__arm__core.a(fatal.c.obj)
 .comment       0x0000000000000020       0x21 zephyr/arch/arch/arm/core/libarch__arm__core.a(nmi.c.obj)
 .comment       0x0000000000000020       0x21 zephyr/arch/arch/arm/core/libarch__arm__core.a(tls.c.obj)
 .comment       0x0000000000000020       0x21 zephyr/arch/arch/arm/core/cortex_m/libarch__arm__core__cortex_m.a(fault.c.obj)
 .comment       0x0000000000000020       0x21 zephyr/arch/arch/arm/core/cortex_m/libarch__arm__core__cortex_m.a(thread_abort.c.obj)
 .comment       0x0000000000000020       0x21 zephyr/arch/arch/arm/core/cortex_m/libarch__arm__core__cortex_m.a(swap.c.obj)
 .comment       0x0000000000000020       0x21 zephyr/arch/arch/arm/core/cortex_m/libarch__arm__core__cortex_m.a(irq_manage.c.obj)
 .comment       0x0000000000000020       0x21 zephyr/arch/arch/arm/core/cortex_m/libarch__arm__core__cortex_m.a(prep_c.c.obj)
 .comment       0x0000000000000020       0x21 zephyr/arch/arch/arm/core/cortex_m/libarch__arm__core__cortex_m.a(thread.c.obj)
 .comment       0x0000000000000020       0x21 zephyr/arch/arch/arm/core/cortex_m/libarch__arm__core__cortex_m.a(irq_init.c.obj)
 .comment       0x0000000000000020       0x21 zephyr/lib/libc/picolibc/liblib__libc__picolibc.a(libc-hooks.c.obj)
 .comment       0x0000000000000020       0x21 zephyr/lib/libc/common/liblib__libc__common.a(malloc.c.obj)
 .comment       0x0000000000000020       0x21 zephyr/drivers/interrupt_controller/libdrivers__interrupt_controller.a(intc_exti_stm32.c.obj)
 .comment       0x0000000000000020       0x21 zephyr/drivers/clock_control/libdrivers__clock_control.a(clock_stm32_ll_common.c.obj)
 .comment       0x0000000000000020       0x21 zephyr/drivers/clock_control/libdrivers__clock_control.a(clock_stm32f1.c.obj)
 .comment       0x0000000000000020       0x21 zephyr/drivers/console/libdrivers__console.a(uart_console.c.obj)
 .comment       0x0000000000000020       0x21 zephyr/drivers/gpio/libdrivers__gpio.a(gpio_stm32.c.obj)
 .comment       0x0000000000000020       0x21 zephyr/drivers/pinctrl/libdrivers__pinctrl.a(common.c.obj)
 .comment       0x0000000000000020       0x21 zephyr/drivers/pinctrl/libdrivers__pinctrl.a(pinctrl_stm32.c.obj)
 .comment       0x0000000000000020       0x21 zephyr/drivers/pwm/libdrivers__pwm.a(pwm_stm32.c.obj)
 .comment       0x0000000000000020       0x21 zephyr/drivers/reset/libdrivers__reset.a(reset_stm32.c.obj)
 .comment       0x0000000000000020       0x21 zephyr/drivers/serial/libdrivers__serial.a(uart_stm32.c.obj)
 .comment       0x0000000000000020       0x21 zephyr/drivers/timer/libdrivers__timer.a(cortex_m_systick.c.obj)
 .comment       0x0000000000000020       0x21 modules/stm32/stm32cube/lib..__modules__hal__stm32__stm32cube.a(system_stm32f1xx.c.obj)
 .comment       0x0000000000000020       0x21 modules/stm32/stm32cube/lib..__modules__hal__stm32__stm32cube.a(stm32f1xx_hal_rcc.c.obj)
 .comment       0x0000000000000020       0x21 modules/stm32/stm32cube/lib..__modules__hal__stm32__stm32cube.a(stm32f1xx_ll_tim.c.obj)
 .comment       0x0000000000000020       0x21 modules/stm32/stm32cube/lib..__modules__hal__stm32__stm32cube.a(stm32f1xx_ll_utils.c.obj)
 .comment       0x0000000000000020       0x21 zephyr/kernel/libkernel.a(device.c.obj)
 .comment       0x0000000000000020       0x21 zephyr/kernel/libkernel.a(fatal.c.obj)
 .comment       0x0000000000000020       0x21 zephyr/kernel/libkernel.a(init.c.obj)
 .comment       0x0000000000000020       0x21 zephyr/kernel/libkernel.a(thread.c.obj)
 .comment       0x0000000000000020       0x21 zephyr/kernel/libkernel.a(sched.c.obj)
 .comment       0x0000000000000020       0x21 zephyr/kernel/libkernel.a(idle.c.obj)
 .comment       0x0000000000000020       0x21 zephyr/kernel/libkernel.a(xip.c.obj)
 .comment       0x0000000000000020       0x21 zephyr/kernel/libkernel.a(timeout.c.obj)
 .comment       0x0000000000000020       0x21 zephyr/kernel/libkernel.a(timer.c.obj)
 .comment       0x0000000000000020       0x21 zephyr/kernel/libkernel.a(banner.c.obj)

.debug
 *(SORT_BY_ALIGNMENT(.debug))

.line
 *(SORT_BY_ALIGNMENT(.line))

.debug_srcinfo
 *(SORT_BY_ALIGNMENT(.debug_srcinfo))

.debug_sfnames
 *(SORT_BY_ALIGNMENT(.debug_sfnames))

.debug_aranges  0x0000000000000000      0xf28
 *(SORT_BY_ALIGNMENT(.debug_aranges))
 .debug_aranges
                0x0000000000000000       0x20 zephyr/arch/arch/arm/core/libarch__arm__core.a(nmi_on_reset.S.obj)
 .debug_aranges
                0x0000000000000020       0x20 zephyr/arch/arch/arm/core/cortex_m/libarch__arm__core__cortex_m.a(exc_exit.S.obj)
 .debug_aranges
                0x0000000000000040       0x20 zephyr/arch/arch/arm/core/cortex_m/libarch__arm__core__cortex_m.a(fault_s.S.obj)
 .debug_aranges
                0x0000000000000060       0x20 zephyr/arch/arch/arm/core/cortex_m/libarch__arm__core__cortex_m.a(reset.S.obj)
 .debug_aranges
                0x0000000000000080       0x28 zephyr/arch/arch/arm/core/cortex_m/libarch__arm__core__cortex_m.a(swap_helper.S.obj)
 .debug_aranges
                0x00000000000000a8       0x30 zephyr/arch/arch/arm/core/cortex_m/libarch__arm__core__cortex_m.a(cpu_idle.S.obj)
 .debug_aranges
                0x00000000000000d8       0x20 zephyr/arch/arch/arm/core/cortex_m/libarch__arm__core__cortex_m.a(isr_wrapper.S.obj)
 .debug_aranges
                0x00000000000000f8       0x20 zephyr/arch/arch/arm/core/cortex_m/libarch__arm__core__cortex_m.a(__aeabi_read_tp.S.obj)
 .debug_aranges
                0x0000000000000118       0x18 zephyr/CMakeFiles/zephyr_final.dir/isr_tables.c.obj
 .debug_aranges
                0x0000000000000130       0x20 zephyr/CMakeFiles/offsets.dir/./arch/arm/core/offsets/offsets.c.obj
 .debug_aranges
                0x0000000000000150       0x30 app/libapp.a(main.c.obj)
 .debug_aranges
                0x0000000000000180       0x88 zephyr/libzephyr.a(heap.c.obj)
 .debug_aranges
                0x0000000000000208       0x50 zephyr/libzephyr.a(printk.c.obj)
 .debug_aranges
                0x0000000000000258       0x20 zephyr/libzephyr.a(thread_entry.c.obj)
 .debug_aranges
                0x0000000000000278       0x20 zephyr/libzephyr.a(configs.c.obj)
 .debug_aranges
                0x0000000000000298       0x20 zephyr/libzephyr.a(soc.c.obj)
 .debug_aranges
                0x00000000000002b8       0x20 zephyr/libzephyr.a(soc_config.c.obj)
 .debug_aranges
                0x00000000000002d8       0x30 zephyr/arch/arch/arm/core/libarch__arm__core.a(fatal.c.obj)
 .debug_aranges
                0x0000000000000308       0x28 zephyr/arch/arch/arm/core/libarch__arm__core.a(nmi.c.obj)
 .debug_aranges
                0x0000000000000330       0x20 zephyr/arch/arch/arm/core/libarch__arm__core.a(tls.c.obj)
 .debug_aranges
                0x0000000000000350       0x40 zephyr/arch/arch/arm/core/cortex_m/libarch__arm__core__cortex_m.a(fault.c.obj)
 .debug_aranges
                0x0000000000000390       0x20 zephyr/arch/arch/arm/core/cortex_m/libarch__arm__core__cortex_m.a(thread_abort.c.obj)
 .debug_aranges
                0x00000000000003b0       0x20 zephyr/arch/arch/arm/core/cortex_m/libarch__arm__core__cortex_m.a(swap.c.obj)
 .debug_aranges
                0x00000000000003d0       0x40 zephyr/arch/arch/arm/core/cortex_m/libarch__arm__core__cortex_m.a(irq_manage.c.obj)
 .debug_aranges
                0x0000000000000410       0x20 zephyr/arch/arch/arm/core/cortex_m/libarch__arm__core__cortex_m.a(prep_c.c.obj)
 .debug_aranges
                0x0000000000000430       0x28 zephyr/arch/arch/arm/core/cortex_m/libarch__arm__core__cortex_m.a(thread.c.obj)
 .debug_aranges
                0x0000000000000458       0x20 zephyr/arch/arch/arm/core/cortex_m/libarch__arm__core__cortex_m.a(irq_init.c.obj)
 .debug_aranges
                0x0000000000000478       0xb0 zephyr/lib/libc/picolibc/liblib__libc__picolibc.a(libc-hooks.c.obj)
 .debug_aranges
                0x0000000000000528       0x60 zephyr/lib/libc/common/liblib__libc__common.a(malloc.c.obj)
 .debug_aranges
                0x0000000000000588       0x58 zephyr/drivers/interrupt_controller/libdrivers__interrupt_controller.a(intc_exti_stm32.c.obj)
 .debug_aranges
                0x00000000000005e0       0x58 zephyr/drivers/clock_control/libdrivers__clock_control.a(clock_stm32_ll_common.c.obj)
 .debug_aranges
                0x0000000000000638       0x28 zephyr/drivers/clock_control/libdrivers__clock_control.a(clock_stm32f1.c.obj)
 .debug_aranges
                0x0000000000000660       0x30 zephyr/drivers/console/libdrivers__console.a(uart_console.c.obj)
 .debug_aranges
                0x0000000000000690       0x90 zephyr/drivers/gpio/libdrivers__gpio.a(gpio_stm32.c.obj)
 .debug_aranges
                0x0000000000000720       0x20 zephyr/drivers/pinctrl/libdrivers__pinctrl.a(common.c.obj)
 .debug_aranges
                0x0000000000000740       0x20 zephyr/drivers/pinctrl/libdrivers__pinctrl.a(pinctrl_stm32.c.obj)
 .debug_aranges
                0x0000000000000760       0x58 zephyr/drivers/pwm/libdrivers__pwm.a(pwm_stm32.c.obj)
 .debug_aranges
                0x00000000000007b8       0x38 zephyr/drivers/reset/libdrivers__reset.a(reset_stm32.c.obj)
 .debug_aranges
                0x00000000000007f0       0x60 zephyr/drivers/serial/libdrivers__serial.a(uart_stm32.c.obj)
 .debug_aranges
                0x0000000000000850       0x60 zephyr/drivers/timer/libdrivers__timer.a(cortex_m_systick.c.obj)
 .debug_aranges
                0x00000000000008b0       0x28 modules/stm32/stm32cube/lib..__modules__hal__stm32__stm32cube.a(system_stm32f1xx.c.obj)
 .debug_aranges
                0x00000000000008d8       0x88 modules/stm32/stm32cube/lib..__modules__hal__stm32__stm32cube.a(stm32f1xx_hal_rcc.c.obj)
 .debug_aranges
                0x0000000000000960       0x80 modules/stm32/stm32cube/lib..__modules__hal__stm32__stm32cube.a(stm32f1xx_ll_tim.c.obj)
 .debug_aranges
                0x00000000000009e0       0x50 modules/stm32/stm32cube/lib..__modules__hal__stm32__stm32cube.a(stm32f1xx_ll_utils.c.obj)
 .debug_aranges
                0x0000000000000a30       0x38 zephyr/kernel/libkernel.a(device.c.obj)
 .debug_aranges
                0x0000000000000a68       0x60 zephyr/kernel/libkernel.a(fatal.c.obj)
 .debug_aranges
                0x0000000000000ac8       0x58 zephyr/kernel/libkernel.a(init.c.obj)
 .debug_aranges
                0x0000000000000b20       0xb8 zephyr/kernel/libkernel.a(thread.c.obj)
 .debug_aranges
                0x0000000000000bd8      0x208 zephyr/kernel/libkernel.a(sched.c.obj)
 .debug_aranges
                0x0000000000000de0       0x30 zephyr/kernel/libkernel.a(idle.c.obj)
 .debug_aranges
                0x0000000000000e10       0x20 zephyr/kernel/libkernel.a(xip.c.obj)
 .debug_aranges
                0x0000000000000e30       0x90 zephyr/kernel/libkernel.a(timeout.c.obj)
 .debug_aranges
                0x0000000000000ec0       0x48 zephyr/kernel/libkernel.a(timer.c.obj)
 .debug_aranges
                0x0000000000000f08       0x20 zephyr/kernel/libkernel.a(banner.c.obj)

.debug_pubnames
 *(SORT_BY_ALIGNMENT(.debug_pubnames))

.debug_info     0x0000000000000000    0x3bb6d
 *(SORT_BY_ALIGNMENT(.debug_info) SORT_BY_ALIGNMENT(.gnu.linkonce.wi.*))
 .debug_info    0x0000000000000000      0x189 zephyr/CMakeFiles/zephyr_final.dir/isr_tables.c.obj
 .debug_info    0x0000000000000189       0xdc zephyr/CMakeFiles/offsets.dir/./arch/arm/core/offsets/offsets.c.obj
 .debug_info    0x0000000000000265      0xb47 app/libapp.a(main.c.obj)
 .debug_info    0x0000000000000dac     0x3075 zephyr/libzephyr.a(heap.c.obj)
 .debug_info    0x0000000000003e21      0x5be zephyr/libzephyr.a(printk.c.obj)
 .debug_info    0x00000000000043df      0x706 zephyr/libzephyr.a(thread_entry.c.obj)
 .debug_info    0x0000000000004ae5       0x38 zephyr/libzephyr.a(configs.c.obj)
 .debug_info    0x0000000000004b1d      0x210 zephyr/libzephyr.a(soc.c.obj)
 .debug_info    0x0000000000004d2d      0x292 zephyr/libzephyr.a(soc_config.c.obj)
 .debug_info    0x0000000000004fbf     0x258d zephyr/arch/arch/arm/core/libarch__arm__core.a(fatal.c.obj)
 .debug_info    0x000000000000754c      0x1b0 zephyr/arch/arch/arm/core/libarch__arm__core.a(nmi.c.obj)
 .debug_info    0x00000000000076fc       0x23 zephyr/arch/arch/arm/core/libarch__arm__core.a(nmi_on_reset.S.obj)
 .debug_info    0x000000000000771f      0x7f5 zephyr/arch/arch/arm/core/libarch__arm__core.a(tls.c.obj)
 .debug_info    0x0000000000007f14       0x23 zephyr/arch/arch/arm/core/cortex_m/libarch__arm__core__cortex_m.a(exc_exit.S.obj)
 .debug_info    0x0000000000007f37     0xb1cc zephyr/arch/arch/arm/core/cortex_m/libarch__arm__core__cortex_m.a(fault.c.obj)
 .debug_info    0x0000000000013103       0x23 zephyr/arch/arch/arm/core/cortex_m/libarch__arm__core__cortex_m.a(fault_s.S.obj)
 .debug_info    0x0000000000013126       0x23 zephyr/arch/arch/arm/core/cortex_m/libarch__arm__core__cortex_m.a(reset.S.obj)
 .debug_info    0x0000000000013149      0x807 zephyr/arch/arch/arm/core/cortex_m/libarch__arm__core__cortex_m.a(thread_abort.c.obj)
 .debug_info    0x0000000000013950      0x7b6 zephyr/arch/arch/arm/core/cortex_m/libarch__arm__core__cortex_m.a(swap.c.obj)
 .debug_info    0x0000000000014106       0x22 zephyr/arch/arch/arm/core/cortex_m/libarch__arm__core__cortex_m.a(swap_helper.S.obj)
 .debug_info    0x0000000000014128      0x8e1 zephyr/arch/arch/arm/core/cortex_m/libarch__arm__core__cortex_m.a(irq_manage.c.obj)
 .debug_info    0x0000000000014a09      0x3d8 zephyr/arch/arch/arm/core/cortex_m/libarch__arm__core__cortex_m.a(prep_c.c.obj)
 .debug_info    0x0000000000014de1      0x832 zephyr/arch/arch/arm/core/cortex_m/libarch__arm__core__cortex_m.a(thread.c.obj)
 .debug_info    0x0000000000015613       0x22 zephyr/arch/arch/arm/core/cortex_m/libarch__arm__core__cortex_m.a(cpu_idle.S.obj)
 .debug_info    0x0000000000015635      0x58a zephyr/arch/arch/arm/core/cortex_m/libarch__arm__core__cortex_m.a(irq_init.c.obj)
 .debug_info    0x0000000000015bbf       0x23 zephyr/arch/arch/arm/core/cortex_m/libarch__arm__core__cortex_m.a(isr_wrapper.S.obj)
 .debug_info    0x0000000000015be2       0x23 zephyr/arch/arch/arm/core/cortex_m/libarch__arm__core__cortex_m.a(__aeabi_read_tp.S.obj)
 .debug_info    0x0000000000015c05      0xe87 zephyr/lib/libc/picolibc/liblib__libc__picolibc.a(libc-hooks.c.obj)
 .debug_info    0x0000000000016a8c      0xe04 zephyr/lib/libc/common/liblib__libc__common.a(malloc.c.obj)
 .debug_info    0x0000000000017890      0xee4 zephyr/drivers/interrupt_controller/libdrivers__interrupt_controller.a(intc_exti_stm32.c.obj)
 .debug_info    0x0000000000018774      0xf39 zephyr/drivers/clock_control/libdrivers__clock_control.a(clock_stm32_ll_common.c.obj)
 .debug_info    0x00000000000196ad      0x22f zephyr/drivers/clock_control/libdrivers__clock_control.a(clock_stm32f1.c.obj)
 .debug_info    0x00000000000198dc      0x7c8 zephyr/drivers/console/libdrivers__console.a(uart_console.c.obj)
 .debug_info    0x000000000001a0a4     0x29a8 zephyr/drivers/gpio/libdrivers__gpio.a(gpio_stm32.c.obj)
 .debug_info    0x000000000001ca4c      0x1b2 zephyr/drivers/pinctrl/libdrivers__pinctrl.a(common.c.obj)
 .debug_info    0x000000000001cbfe      0x6d4 zephyr/drivers/pinctrl/libdrivers__pinctrl.a(pinctrl_stm32.c.obj)
 .debug_info    0x000000000001d2d2     0x5039 zephyr/drivers/pwm/libdrivers__pwm.a(pwm_stm32.c.obj)
 .debug_info    0x000000000002230b      0x64b zephyr/drivers/reset/libdrivers__reset.a(reset_stm32.c.obj)
 .debug_info    0x0000000000022956     0x4fde zephyr/drivers/serial/libdrivers__serial.a(uart_stm32.c.obj)
 .debug_info    0x0000000000027934      0xe0e zephyr/drivers/timer/libdrivers__timer.a(cortex_m_systick.c.obj)
 .debug_info    0x0000000000028742      0x241 modules/stm32/stm32cube/lib..__modules__hal__stm32__stm32cube.a(system_stm32f1xx.c.obj)
 .debug_info    0x0000000000028983      0xa83 modules/stm32/stm32cube/lib..__modules__hal__stm32__stm32cube.a(stm32f1xx_hal_rcc.c.obj)
 .debug_info    0x0000000000029406     0x130c modules/stm32/stm32cube/lib..__modules__hal__stm32__stm32cube.a(stm32f1xx_ll_tim.c.obj)
 .debug_info    0x000000000002a712      0xbb0 modules/stm32/stm32cube/lib..__modules__hal__stm32__stm32cube.a(stm32f1xx_ll_utils.c.obj)
 .debug_info    0x000000000002b2c2      0x343 zephyr/kernel/libkernel.a(device.c.obj)
 .debug_info    0x000000000002b605     0x28a5 zephyr/kernel/libkernel.a(fatal.c.obj)
 .debug_info    0x000000000002deaa     0x1a68 zephyr/kernel/libkernel.a(init.c.obj)
 .debug_info    0x000000000002f912     0x2725 zephyr/kernel/libkernel.a(thread.c.obj)
 .debug_info    0x0000000000032037     0x6e33 zephyr/kernel/libkernel.a(sched.c.obj)
 .debug_info    0x0000000000038e6a      0x282 zephyr/kernel/libkernel.a(idle.c.obj)
 .debug_info    0x00000000000390ec      0x142 zephyr/kernel/libkernel.a(xip.c.obj)
 .debug_info    0x000000000003922e     0x1615 zephyr/kernel/libkernel.a(timeout.c.obj)
 .debug_info    0x000000000003a843     0x1265 zephyr/kernel/libkernel.a(timer.c.obj)
 .debug_info    0x000000000003baa8       0xc5 zephyr/kernel/libkernel.a(banner.c.obj)

.debug_abbrev   0x0000000000000000     0x8b18
 *(SORT_BY_ALIGNMENT(.debug_abbrev))
 .debug_abbrev  0x0000000000000000      0x118 zephyr/CMakeFiles/zephyr_final.dir/isr_tables.c.obj
 .debug_abbrev  0x0000000000000118       0x62 zephyr/CMakeFiles/offsets.dir/./arch/arm/core/offsets/offsets.c.obj
 .debug_abbrev  0x000000000000017a      0x3ea app/libapp.a(main.c.obj)
 .debug_abbrev  0x0000000000000564      0x434 zephyr/libzephyr.a(heap.c.obj)
 .debug_abbrev  0x0000000000000998      0x30e zephyr/libzephyr.a(printk.c.obj)
 .debug_abbrev  0x0000000000000ca6      0x2ad zephyr/libzephyr.a(thread_entry.c.obj)
 .debug_abbrev  0x0000000000000f53       0x2e zephyr/libzephyr.a(configs.c.obj)
 .debug_abbrev  0x0000000000000f81      0x155 zephyr/libzephyr.a(soc.c.obj)
 .debug_abbrev  0x00000000000010d6      0x1ac zephyr/libzephyr.a(soc_config.c.obj)
 .debug_abbrev  0x0000000000001282      0x2c9 zephyr/arch/arch/arm/core/libarch__arm__core.a(fatal.c.obj)
 .debug_abbrev  0x000000000000154b       0xf5 zephyr/arch/arch/arm/core/libarch__arm__core.a(nmi.c.obj)
 .debug_abbrev  0x0000000000001640       0x14 zephyr/arch/arch/arm/core/libarch__arm__core.a(nmi_on_reset.S.obj)
 .debug_abbrev  0x0000000000001654      0x2d8 zephyr/arch/arch/arm/core/libarch__arm__core.a(tls.c.obj)
 .debug_abbrev  0x000000000000192c       0x14 zephyr/arch/arch/arm/core/cortex_m/libarch__arm__core__cortex_m.a(exc_exit.S.obj)
 .debug_abbrev  0x0000000000001940      0x43e zephyr/arch/arch/arm/core/cortex_m/libarch__arm__core__cortex_m.a(fault.c.obj)
 .debug_abbrev  0x0000000000001d7e       0x14 zephyr/arch/arch/arm/core/cortex_m/libarch__arm__core__cortex_m.a(fault_s.S.obj)